###############################################################################
#
# IAR ELF Linker V9.20.4.327/W64 for ARM                  18/Jul/2023  16:49:32
# Copyright 2007-2022 IAR Systems AB.
#
#    Output file  =  F:\10. VAC\1. VAC_BOOT\release\Bootloader.out
#    Map file     =  F:\10. VAC\1. VAC_BOOT\release\list\Bootloader.map
#    Command line =
#        -f "F:\10. VAC\1. VAC_BOOT\release\Bootloader.out.rsp" ("F:\10. VAC\1.
#        VAC_BOOT\release\obj\board\board.o" "F:\10. VAC\1.
#        VAC_BOOT\release\obj\board\clock_config.o" "F:\10. VAC\1.
#        VAC_BOOT\release\obj\source\crc32_cal.o" "F:\10. VAC\1.
#        VAC_BOOT\release\obj\component\uart\fsl_adapter_uart.o" "F:\10. VAC\1.
#        VAC_BOOT\release\obj\utilities\fsl_assert.o" "F:\10. VAC\1.
#        VAC_BOOT\release\obj\drivers\fsl_clock.o" "F:\10. VAC\1.
#        VAC_BOOT\release\obj\drivers\fsl_common.o" "F:\10. VAC\1.
#        VAC_BOOT\release\obj\drivers\fsl_common_arm.o" "F:\10. VAC\1.
#        VAC_BOOT\release\obj\component\lists\fsl_component_generic_list.o"
#        "F:\10. VAC\1. VAC_BOOT\release\obj\utilities\fsl_debug_console.o"
#        "F:\10. VAC\1. VAC_BOOT\release\obj\drivers\fsl_flash.o" "F:\10.
#        VAC\1. VAC_BOOT\release\obj\drivers\fsl_ftm.o" "F:\10. VAC\1.
#        VAC_BOOT\release\obj\drivers\fsl_gpio.o" "F:\10. VAC\1.
#        VAC_BOOT\release\obj\drivers\fsl_port.o" "F:\10. VAC\1.
#        VAC_BOOT\release\obj\drivers\fsl_spi.o" "F:\10. VAC\1.
#        VAC_BOOT\release\obj\drivers\fsl_uart.o" "F:\10. VAC\1.
#        VAC_BOOT\release\obj\source\main.o" "F:\10. VAC\1.
#        VAC_BOOT\release\obj\board\pin_mux.o" "F:\10. VAC\1.
#        VAC_BOOT\release\obj\startup\startup_MKE06Z4.o" "F:\10. VAC\1.
#        VAC_BOOT\release\obj\device\system_MKE06Z4.o" "F:\10. VAC\1.
#        VAC_BOOT\release\obj\source\vac_flash_spi.o" "F:\10. VAC\1.
#        VAC_BOOT\release\obj\source\vac_i2c_soft.o" "F:\10. VAC\1.
#        VAC_BOOT\release\obj\source\vac_rs485.o" "F:\10. VAC\1.
#        VAC_BOOT\release\obj\source\vac_timer.o" "F:\10. VAC\1.
#        VAC_BOOT\release\obj\source\vac_uart.o" "F:\10. VAC\1.
#        VAC_BOOT\release\obj\source\vac_variables.o" --redirect
#        _Printf=_PrintfSmallNoMb --redirect _Scanf=_ScanfSmallNoMb
#        --no_out_extension -o "F:\10. VAC\1. VAC_BOOT\release\Bootloader.out"
#        --map "F:\10. VAC\1. VAC_BOOT\release\list\Bootloader.map" --config
#        "F:\10. VAC\1. VAC_BOOT/MKE06Z4/iar/MKE06Z128xxx4_flash.icf" --entry
#        Reset_Handler --inline --vfe --text_out locale)
#
###############################################################################

*******************************************************************************
*** RUNTIME MODEL ATTRIBUTES
***

CppFlavor       = *
__CPP_Runtime   = 1
__Heap_Handler  = DLMalloc
__SystemLibrary = DLib
__dlib_version  = 6


*******************************************************************************
*** HEAP SELECTION
***

The advanced heap was selected because the application calls memory
allocation functions outside of system library functions, and there
are calls to deallocation functions in the application.


*******************************************************************************
*** PLACEMENT SUMMARY
***

"A0":  place at address 0x0 { ro section .intvec };
"P1":  place in [from 0x400 to 0x40f] { section FlashConfig };
"P2":  place in [from 0x0 to 0x1ff] |
                [from 0x410 to 0x1'ffff] { ro };
define block RW { rw };
"P3":  place in [from 0x1fff'f000 to 0x2000'2bff] { block RW };
define block ZI { zi };
"P4":  place in [from 0x1fff'f000 to 0x2000'2bff] { block ZI };
define block NCACHE_VAR { section NonCacheable, section NonCacheable.init };
"P7":  place in [from 0x1fff'f000 to 0x2000'2bff] { block NCACHE_VAR };
define block QACCESS_CODE { section CodeQuickAccess };
"P8":  place in [from 0x1fff'f000 to 0x2000'2bff] { block QACCESS_CODE };
define block QACCESS_DATA { section DataQuickAccess };
"P9":  place in [from 0x1fff'f000 to 0x2000'2bff] { block QACCESS_DATA };
define block CSTACK with size = 1K, alignment = 8 { };
"P6":  place in [from 0x2000'2c00 to 0x2000'2fff] { block CSTACK };
initialize by copy {
   rw, section .textrw, section CodeQuickAccess, section DataQuickAccess };

No sections matched the following patterns:

  section CodeQuickAccess    in block QACCESS_CODE
  section DataQuickAccess    in block QACCESS_DATA
  section NonCacheable       in block NCACHE_VAR
  section NonCacheable.init  in block NCACHE_VAR


  Section            Kind         Address    Size  Object
  -------            ----         -------    ----  ------
"A0":                                        0xc0
  .intvec            ro code          0x0    0xc0  startup_MKE06Z4.o [7]
                                   - 0xc0    0xc0

"P2", part 1 of 2:                           0xdd
  .text              ro code         0xc0     0x2  startup_MKE06Z4.o [7]
  .text              ro code         0xc2     0x2  startup_MKE06Z4.o [7]
  .text              ro code         0xc4    0x32  ABImemset.o [10]
  .text              ro code         0xf6     0x2  startup_MKE06Z4.o [7]
  .text              ro code         0xf8     0x2  startup_MKE06Z4.o [7]
  Initializer bytes  const           0xfa    0xa3  <for RW-1>
                                  - 0x19d    0xdd

"P1":                                        0x10
  FlashConfig        ro code        0x400    0x10  startup_MKE06Z4.o [7]
                                  - 0x410    0x10

"P2", part 2 of 2:                         0x19e4
  .text              ro code        0x410   0x3c0  fsl_flash.o [5]
  .text              ro code        0x7d0    0xae  I32DivModFast.o [10]
  .text              ro code        0x880    0x4e  ABImemcpy.o [10]
  .text              ro code        0x8d0   0x2d6  vac_i2c_soft.o [6]
  .text              ro code        0xba8    0x7c  fsl_gpio.o [5]
  .text              ro code        0xc24   0x28c  vac_flash_spi.o [6]
  .text              ro code        0xeb0   0x240  fsl_spi.o [5]
  .text              ro code       0x10f0   0x1e0  fsl_clock.o [5]
  .text              ro code       0x12d0   0x238  fsl_uart.o [5]
  .text              ro code       0x1508   0x1f0  lz77_init.o [10]
  .text              ro code       0x16f8     0xa  abort.o [9]
  .text              ro code       0x1704     0xc  XXexit.o [10]
  .text              ro code       0x1710   0x1e0  main.o [6]
  .text              ro code       0x18f0   0x166  pin_mux.o [1]
  .text              ro code       0x1a58    0x44  clock_config.o [1]
  .text              ro code       0x1a9c    0x18  board.o [1]
  .text              ro code       0x1ab4    0x10  crc32_cal.o [6]
  .text              ro code       0x1ac4    0x4c  fsl_port.o [5]
  .text              ro code       0x1b10    0x44  fsl_debug_console.o [8]
  .text              ro code       0x1b54    0xa4  fsl_adapter_uart.o [3]
  .text              ro code       0x1bf8    0x3c  zero_init3.o [10]
  .text              ro code       0x1c34    0x38  system_MKE06Z4.o [4]
  .text              ro code       0x1c6c    0x2e  fsl_ftm.o [5]
  .text              ro code       0x1c9c    0x28  startup_MKE06Z4.o [7]
  .text              ro code       0x1cc4    0x28  vac_uart.o [6]
  .text              ro code       0x1cec    0x28  data_init.o [10]
  .iar.init_table    const         0x1d14    0x2c  - Linker created -
  .text              ro code       0x1d40    0x1e  cmain.o [10]
  .text              ro code       0x1d5e     0x8  exit.o [9]
  .text              ro code       0x1d68     0xa  cexit.o [10]
  .text              ro code       0x1d74    0x1c  cstartup_M.o [10]
  .text              ro code       0x1d90    0x14  vac_timer.o [6]
  .text              ro code       0x1da4     0x8  startup_MKE06Z4.o [7]
  .text              ro code       0x1dac     0x8  startup_MKE06Z4.o [7]
  .text              ro code       0x1db4     0x8  startup_MKE06Z4.o [7]
  .text              ro code       0x1dbc     0x8  startup_MKE06Z4.o [7]
  .text              ro code       0x1dc4     0x8  startup_MKE06Z4.o [7]
  .text              ro code       0x1dcc     0x8  startup_MKE06Z4.o [7]
  .text              ro code       0x1dd4     0x8  startup_MKE06Z4.o [7]
  .text              ro code       0x1ddc     0x8  startup_MKE06Z4.o [7]
  .text              ro code       0x1de4     0x8  startup_MKE06Z4.o [7]
  .text              ro code       0x1dec     0x8  startup_MKE06Z4.o [7]
  .rodata            const         0x1df4     0x0  zero_init3.o [10]
  .rodata            const         0x1df4     0x0  lz77_init.o [10]
                                 - 0x1df4  0x19e4

"P3-P4|P7-P9", part 1 of 2:                 0x840
  RW                          0x1fff'f000   0x840  <Block>
    RW-1                      0x1fff'f000   0x840  <Init block>
      .data          inited   0x1fff'f000   0x83c  main.o [6]
      .data          inited   0x1fff'f83c     0x4  system_MKE06Z4.o [4]
                            - 0x1fff'f840   0x840

"P3-P4|P7-P9", part 2 of 2:                 0x138
  ZI                          0x1fff'f840   0x138  <Block>
    .bss             zero     0x1fff'f840     0x4  crc32_cal.o [6]
    .bss             zero     0x1fff'f844     0x4  fsl_clock.o [5]
    .bss             zero     0x1fff'f848    0x14  fsl_debug_console.o [8]
    .bss             zero     0x1fff'f85c    0x80  fsl_flash.o [5]
    .bss             zero     0x1fff'f8dc    0x10  fsl_spi.o [5]
    .bss             zero     0x1fff'f8ec    0x10  fsl_uart.o [5]
    .bss             zero     0x1fff'f8fc     0x4  main.o [6]
    .bss             zero     0x1fff'f900    0x68  vac_uart.o [6]
    .bss             zero     0x1fff'f968     0xc  vac_variables.o [6]
    .bss             zero     0x1fff'f974     0x2  fsl_spi.o [5]
                            - 0x1fff'f978   0x138

"P6":                                       0x400
  CSTACK                      0x2000'2c00   0x400  <Block>
    CSTACK           uninit   0x2000'2c00   0x400  <Block tail>
                            - 0x2000'3000   0x400

Unused ranges:

         From           To      Size
         ----           --      ----
        0x19d        0x1ff      0x63
       0x1df4     0x1'ffff  0x1'e20c
  0x1fff'f978  0x2000'2bff    0x3288


*******************************************************************************
*** INIT TABLE
***

          Address      Size
          -------      ----
Zero (__iar_zero_init3)
    1 destination range, total size 0x136:
          0x1fff'f840  0x136

Copy/lz77 (__iar_lz77_init3)
    1 source range, total size 0xa3 (7% of destination):
                 0xfa   0xa3
    1 destination range, total size 0x840:
          0x1fff'f000  0x840



*******************************************************************************
*** MODULE SUMMARY
***

    Module               ro code  ro data  rw data
    ------               -------  -------  -------
command line/config:
    ----------------------------------------------
    Total:

F:\10. VAC\1. VAC_BOOT\release\obj\board: [1]
    board.o                   24
    clock_config.o            68
    pin_mux.o                358
    ----------------------------------------------
    Total:                   450

F:\10. VAC\1. VAC_BOOT\release\obj\component\lists: [2]
    ----------------------------------------------
    Total:

F:\10. VAC\1. VAC_BOOT\release\obj\component\uart: [3]
    fsl_adapter_uart.o       164
    ----------------------------------------------
    Total:                   164

F:\10. VAC\1. VAC_BOOT\release\obj\device: [4]
    system_MKE06Z4.o          56        1        4
    ----------------------------------------------
    Total:                    56        1        4

F:\10. VAC\1. VAC_BOOT\release\obj\drivers: [5]
    fsl_clock.o              480                 4
    fsl_flash.o              960               128
    fsl_ftm.o                 46
    fsl_gpio.o               124
    fsl_port.o                76
    fsl_spi.o                576                18
    fsl_uart.o               568                16
    ----------------------------------------------
    Total:                 2'830               166

F:\10. VAC\1. VAC_BOOT\release\obj\source: [6]
    crc32_cal.o               16                 4
    main.o                   480      162    2'112
    vac_flash_spi.o          652
    vac_i2c_soft.o           726
    vac_timer.o               20
    vac_uart.o                40               104
    vac_variables.o                             12
    ----------------------------------------------
    Total:                 1'934      162    2'232

F:\10. VAC\1. VAC_BOOT\release\obj\startup: [7]
    startup_MKE06Z4.o        336
    ----------------------------------------------
    Total:                   336

F:\10. VAC\1. VAC_BOOT\release\obj\utilities: [8]
    fsl_debug_console.o       68                20
    ----------------------------------------------
    Total:                    68                20

dl6M_tln.a: [9]
    abort.o                   10
    exit.o                     8
    ----------------------------------------------
    Total:                    18

rt6M_tl.a: [10]
    ABImemcpy.o               78
    ABImemset.o               50
    I32DivModFast.o          174
    XXexit.o                  12
    cexit.o                   10
    cmain.o                   30
    cstartup_M.o              28
    data_init.o               40
    lz77_init.o              496
    zero_init3.o              60
    ----------------------------------------------
    Total:                   978

    Gaps                      16
    Linker created                     44    1'024
--------------------------------------------------
    Grand Total:           6'850      207    3'446


*******************************************************************************
*** ENTRY LIST
***

Entry                       Address   Size  Type      Object
-----                       -------   ----  ----      ------
.iar.init_table$$Base        0x1d14          --   Gb  - Linker created -
.iar.init_table$$Limit       0x1d40          --   Gb  - Linker created -
?main                        0x1d41         Code  Gb  cmain.o [10]
BOARD_InitBootClocks         0x1a59    0x4  Code  Gb  clock_config.o [1]
BOARD_InitBootPins           0x18f1   0x14  Code  Gb  pin_mux.o [1]
BOARD_InitDebugConsole       0x1a9d   0x18  Code  Gb  board.o [1]
BOARD_flash_spi              0x197d   0x4a  Code  Gb  pin_mux.o [1]
BOARD_gpio_led               0x1905   0x56  Code  Gb  pin_mux.o [1]
BOARD_i2c                    0x19d1   0x56  Code  Gb  pin_mux.o [1]
BOARD_rs485                  0x195d   0x20  Code  Gb  pin_mux.o [1]
CLOCK_BootToFeiMode          0x1281    0x2  Code  Gb  fsl_clock.o [5]
CLOCK_GetFlashClkFreq        0x112f   0x22  Code  Gb  fsl_clock.o [5]
CLOCK_GetFllFreq             0x1235   0x1a  Code  Gb  fsl_clock.o [5]
CLOCK_GetFllRefClkFreq       0x10f1   0x3e  Code  Lc  fsl_clock.o [5]
CLOCK_GetFreq                0x1151   0x76  Code  Gb  fsl_clock.o [5]
CLOCK_GetICSFixedFreqClkFreq
                             0x124f   0x1c  Code  Gb  fsl_clock.o [5]
CLOCK_GetICSOutClkFreq       0x1201   0x34  Code  Gb  fsl_clock.o [5]
CLOCK_SetSimConfig           0x11c7   0x3a  Code  Gb  fsl_clock.o [5]
CSTACK$$Base            0x2000'2c00          --   Gb  - Linker created -
CSTACK$$Limit           0x2000'3000          --   Gb  - Linker created -
DbgConsole_Init              0x1b11   0x36  Code  Gb  fsl_debug_console.o [8]
FLASH_Erase                   0x4f5   0xb4  Code  Gb  fsl_flash.o [5]
FLASH_Init                    0x411   0x8c  Code  Gb  fsl_flash.o [5]
FLASH_PrepareExecuteInRamFunctions
                              0x49d   0x30  Code  Gb  fsl_flash.o [5]
FLASH_Program                 0x5a9   0xda  Code  Gb  fsl_flash.o [5]
FLASH_SetProperty             0x699   0x36  Code  Gb  fsl_flash.o [5]
FTM2_IRQHandler              0x1d91    0xe  Code  Gb  vac_timer.o [6]
FTM_ClearStatusFlags         0x1c6d   0x2e  Code  Gb  fsl_ftm.o [5]
GPIO_PinInit                  0xba9   0x48  Code  Gb  fsl_gpio.o [5]
GPIO_PinWrite                 0xbf1    0x8  Code  Gb  fsl_gpio.o [5]
HAL_UartInit                 0x1b55   0x66  Code  Gb  fsl_adapter_uart.o [3]
HAL_UartReceiveBlocking
                             0x1bbd   0x18  Code  Gb  fsl_adapter_uart.o [3]
HAL_UartSendBlocking         0x1bd9   0x14  Code  Gb  fsl_adapter_uart.o [3]
InStream_Read                0x151d   0x20  Code  Lc  lz77_init.o [10]
InStream_StepRegion          0x1509   0x14  Code  Lc  lz77_init.o [10]
OutStream_Write              0x153d   0x46  Code  Lc  lz77_init.o [10]
PORT_SetPinSelect            0x1ac5   0x44  Code  Gb  fsl_port.o [5]
RW$$Base                0x1fff'f000          --   Gb  - Linker created -
RW$$Limit               0x1fff'f840          --   Gb  - Linker created -
Region$$Table$$Base          0x1d14          --   Gb  - Linker created -
Region$$Table$$Limit         0x1d40          --   Gb  - Linker created -
Reset_Handler                0x1c9d         Code  Wk  startup_MKE06Z4.o [7]
SPI0_DriverIRQHandler        0x10cd    0xc  Code  Gb  fsl_spi.o [5]
SPI1_DriverIRQHandler        0x10d9    0xc  Code  Gb  fsl_spi.o [5]
SPI_CommonIRQHandler         0x10b5   0x18  Code  Lc  fsl_spi.o [5]
SPI_GetInstance               0xeb1   0x16  Code  Gb  fsl_spi.o [5]
SPI_MasterGetDefaultConfig
                              0xec7   0x22  Code  Gb  fsl_spi.o [5]
SPI_MasterInit                0xee9   0xb4  Code  Gb  fsl_spi.o [5]
SPI_MasterSetBaudRate         0xfb1   0x7c  Code  Gb  fsl_spi.o [5]
SPI_MasterTransferBlocking
                             0x1035   0x74  Code  Gb  fsl_spi.o [5]
SysTick_Handler              0x1711    0x6  Code  Gb  main.o [6]
SystemCoreClock         0x1fff'f83c    0x4  Data  Gb  system_MKE06Z4.o [4]
SystemInit                   0x1c35   0x26  Code  Gb  system_MKE06Z4.o [4]
UART0_DriverIRQHandler       0x14e1    0x4  Code  Gb  fsl_uart.o [5]
UART1_DriverIRQHandler       0x14f1    0xa  Code  Gb  fsl_uart.o [5]
UART2_IRQHandler             0x1cc5   0x28  Code  Gb  vac_uart.o [6]
UART_GetDefaultConfig        0x13c9   0x1c  Code  Gb  fsl_uart.o [5]
UART_GetStatusFlags          0x13e5    0xa  Code  Gb  fsl_uart.o [5]
UART_Init                    0x12d1   0xec  Code  Gb  fsl_uart.o [5]
UART_ReadBlocking            0x1427   0xac  Code  Gb  fsl_uart.o [5]
UART_WriteBlocking           0x1401   0x26  Code  Gb  fsl_uart.o [5]
ZI$$Base                0x1fff'f840          --   Gb  - Linker created -
ZI$$Limit               0x1fff'f978          --   Gb  - Linker created -
__Vectors                       0x0          --   Gb  startup_MKE06Z4.o [7]
__Vectors_End                  0xc0         Data  Gb  startup_MKE06Z4.o [7]
__Vectors_Size {Abs}           0xc0          --   Gb  startup_MKE06Z4.o [7]
__aeabi_memclr4                0xc5         Code  Gb  ABImemset.o [10]
__aeabi_memclr8                0xc5         Code  Gb  ABImemset.o [10]
__aeabi_memcpy                0x8b5         Code  Gb  ABImemcpy.o [10]
__aeabi_memcpy4               0x881         Code  Gb  ABImemcpy.o [10]
__aeabi_memcpy8               0x881         Code  Gb  ABImemcpy.o [10]
__aeabi_uidiv                 0x7d1         Code  Gb  I32DivModFast.o [10]
__aeabi_uidivmod              0x7d1         Code  Gb  I32DivModFast.o [10]
__cmain                      0x1d41         Code  Gb  cmain.o [10]
__exit                       0x1705         Code  Gb  XXexit.o [10]
__iar_Memcpy                  0x8c1         Code  Gb  ABImemcpy.o [10]
__iar_Memset4_word             0xc9         Code  Gb  ABImemset.o [10]
__iar_data_init3             0x1ced   0x28  Code  Gb  data_init.o [10]
__iar_lz77_init3             0x1583  0x176  Code  Gb  lz77_init.o [10]
__iar_program_start          0x1d75         Code  Gb  cstartup_M.o [10]
__iar_zero_init3             0x1bf9   0x3c  Code  Gb  zero_init3.o [10]
__vector_table                  0x0         Data  Gb  startup_MKE06Z4.o [7]
__vector_table_0x1c            0x1c         Data  Gb  startup_MKE06Z4.o [7]
_call_main                   0x1d4d         Code  Gb  cmain.o [10]
_exit                        0x1d69         Code  Gb  cexit.o [10]
abort                        0x16f9    0xa  Code  Gb  abort.o [9]
buf_test                0x1fff'f904   0x64  Data  Gb  vac_uart.o [6]
buff_cnt                0x1fff'f900    0x1  Data  Gb  vac_uart.o [6]
crc                     0x1fff'f840    0x4  Data  Lc  crc32_cal.o [6]
crc32cal_Init                0x1ab5    0xa  Code  Gb  crc32_cal.o [6]
exit                         0x1d5f    0x8  Code  Gb  exit.o [9]
flash_check_execute_in_ram_function_info
                              0x73f   0x1c  Code  Lc  fsl_flash.o [5]
flash_check_range             0x75b   0x2e  Code  Lc  fsl_flash.o [5]
flash_command_sequence        0x6cf   0x52  Code  Lc  fsl_flash.o [5]
flash_erase_sector            0xcd9   0x18  Code  Gb  vac_flash_spi.o [6]
flash_get_matched_operation_info
                              0x789   0x40  Code  Lc  fsl_flash.o [5]
flash_read_buffer             0xe4f   0x62  Code  Gb  vac_flash_spi.o [6]
flash_wait_for_write_end
                              0xca9   0x22  Code  Lc  vac_flash_spi.o [6]
flash_write_buffer            0xd93   0xbc  Code  Gb  vac_flash_spi.o [6]
flash_write_byte              0xc61   0x30  Code  Lc  vac_flash_spi.o [6]
flash_write_enable            0xc91   0x18  Code  Lc  vac_flash_spi.o [6]
flash_write_page              0xd27   0x6c  Code  Gb  vac_flash_spi.o [6]
g_buffer_flashEX        0x1fff'f000  0x200  Data  Gb  main.o [6]
g_spiDummyData          0x1fff'f974    0x2  Data  Gb  fsl_spi.o [5]
g_systickCounter        0x1fff'f8fc    0x4  Data  Gb  main.o [6]
g_xtal0Freq             0x1fff'f844    0x4  Data  Gb  fsl_clock.o [5]
i2c_delay_us                  0x8d1   0x1a  Code  Lc  vac_i2c_soft.o [6]
i2c_init                      0x8ed   0x54  Code  Gb  vac_i2c_soft.o [6]
i2c_start                     0x945   0x60  Code  Gb  vac_i2c_soft.o [6]
i2c_stop                      0x9a5   0x4c  Code  Gb  vac_i2c_soft.o [6]
i2c_write                     0xa01   0xee  Code  Gb  vac_i2c_soft.o [6]
init_flash                    0xc25   0x3c  Code  Gb  vac_flash_spi.o [6]
init_rtc                      0xb5d   0x34  Code  Gb  vac_i2c_soft.o [6]
main                         0x1717  0x17e  Code  Gb  main.o [6]
mcm_flash_cache_clear         0x721   0x1e  Code  Gb  fsl_flash.o [5]
s_UartAdapterBase            0x1bec    0xc  Data  Lc  fsl_adapter_uart.o [3]
s_buffer                0x1fff'f238  0x200  Data  Lc  main.o [6]
s_debugConsole          0x1fff'f848   0x14  Data  Lc  fsl_debug_console.o [8]
s_flashCommonBitOperation
                        0x1fff'f89c   0x40  Data  Lc  fsl_flash.o [5]
s_flashCommonBitOperationFunctionCode
                              0x4d8   0x1c  Data  Lc  fsl_flash.o [5]
s_flashDriver           0x1fff'f200   0x38  Data  Lc  main.o [6]
s_flashRunCommand       0x1fff'f85c   0x40  Data  Lc  fsl_flash.o [5]
s_flashRunCommandFunctionCode
                              0x4cc    0xc  Data  Lc  fsl_flash.o [5]
s_gpioBases                   0xc18    0xc  Data  Lc  fsl_gpio.o [5]
s_spiClock                    0xfa8    0x8  Data  Lc  fsl_spi.o [5]
s_spiHandle             0x1fff'f8dc    0x8  Data  Lc  fsl_spi.o [5]
s_spiMasterIsr          0x1fff'f8e4    0x4  Data  Lc  fsl_spi.o [5]
s_spiSlaveIsr           0x1fff'f8e8    0x4  Data  Lc  fsl_spi.o [5]
s_uartClock                  0x13bc    0xc  Data  Lc  fsl_uart.o [5]
s_uartHandle            0x1fff'f8ec    0xc  Data  Gb  fsl_uart.o [5]
s_uartIsr               0x1fff'f8f8    0x4  Data  Gb  fsl_uart.o [5]
sample_file             0x1fff'f43c  0x400  Data  Gb  main.o [6]
simConfig_BOARD_BootClockRUN
                             0x1a98    0x4  Data  Gb  clock_config.o [1]
system_var              0x1fff'f968    0xc  Data  Gb  vac_variables.o [6]
val_tran_0              0x1fff'f439    0x1  Data  Gb  main.o [6]
val_tran_1              0x1fff'f438    0x1  Data  Gb  main.o [6]
write_rtc                     0xaf3   0x6a  Code  Gb  vac_i2c_soft.o [6]


[1] = F:\10. VAC\1. VAC_BOOT\release\obj\board
[2] = F:\10. VAC\1. VAC_BOOT\release\obj\component\lists
[3] = F:\10. VAC\1. VAC_BOOT\release\obj\component\uart
[4] = F:\10. VAC\1. VAC_BOOT\release\obj\device
[5] = F:\10. VAC\1. VAC_BOOT\release\obj\drivers
[6] = F:\10. VAC\1. VAC_BOOT\release\obj\source
[7] = F:\10. VAC\1. VAC_BOOT\release\obj\startup
[8] = F:\10. VAC\1. VAC_BOOT\release\obj\utilities
[9] = dl6M_tln.a
[10] = rt6M_tl.a

  6'850 bytes of readonly  code memory
    207 bytes of readonly  data memory
  3'446 bytes of readwrite data memory

Errors: none
Warnings: none
