###############################################################################
#
# IAR ELF Linker V9.20.4.327/W64 for ARM                  04/Jul/2023  11:36:25
# Copyright 2007-2022 IAR Systems AB.
#
#    Output file  =
#        C:\Users\Admin M1\Desktop\CodeNampt\Bootloader\debug\Bootloader.out
#    Map file     =
#        C:\Users\Admin
#        M1\Desktop\CodeNampt\Bootloader\debug\list\Bootloader.map
#    Command line =
#        -f "C:\Users\Admin
#        M1\Desktop\CodeNampt\Bootloader\debug\Bootloader.out.rsp"
#        ("C:\Users\Admin
#        M1\Desktop\CodeNampt\Bootloader\debug\obj\board\board.o"
#        "C:\Users\Admin
#        M1\Desktop\CodeNampt\Bootloader\debug\obj\board\clock_config.o"
#        "C:\Users\Admin
#        M1\Desktop\CodeNampt\Bootloader\debug\obj\source\crc32_cal.o"
#        "C:\Users\Admin
#        M1\Desktop\CodeNampt\Bootloader\debug\obj\component\uart\fsl_adapter_uart.o"
#        "C:\Users\Admin
#        M1\Desktop\CodeNampt\Bootloader\debug\obj\utilities\fsl_assert.o"
#        "C:\Users\Admin
#        M1\Desktop\CodeNampt\Bootloader\debug\obj\drivers\fsl_clock.o"
#        "C:\Users\Admin
#        M1\Desktop\CodeNampt\Bootloader\debug\obj\drivers\fsl_common.o"
#        "C:\Users\Admin
#        M1\Desktop\CodeNampt\Bootloader\debug\obj\drivers\fsl_common_arm.o"
#        "C:\Users\Admin
#        M1\Desktop\CodeNampt\Bootloader\debug\obj\component\lists\fsl_component_generic_list.o"
#        "C:\Users\Admin
#        M1\Desktop\CodeNampt\Bootloader\debug\obj\utilities\fsl_debug_console.o"
#        "C:\Users\Admin
#        M1\Desktop\CodeNampt\Bootloader\debug\obj\drivers\fsl_flash.o"
#        "C:\Users\Admin
#        M1\Desktop\CodeNampt\Bootloader\debug\obj\drivers\fsl_ftm.o"
#        "C:\Users\Admin
#        M1\Desktop\CodeNampt\Bootloader\debug\obj\drivers\fsl_gpio.o"
#        "C:\Users\Admin
#        M1\Desktop\CodeNampt\Bootloader\debug\obj\drivers\fsl_port.o"
#        "C:\Users\Admin
#        M1\Desktop\CodeNampt\Bootloader\debug\obj\drivers\fsl_spi.o"
#        "C:\Users\Admin
#        M1\Desktop\CodeNampt\Bootloader\debug\obj\drivers\fsl_uart.o"
#        "C:\Users\Admin
#        M1\Desktop\CodeNampt\Bootloader\debug\obj\source\main.o"
#        "C:\Users\Admin
#        M1\Desktop\CodeNampt\Bootloader\debug\obj\board\pin_mux.o"
#        "C:\Users\Admin
#        M1\Desktop\CodeNampt\Bootloader\debug\obj\startup\startup_MKE06Z4.o"
#        "C:\Users\Admin
#        M1\Desktop\CodeNampt\Bootloader\debug\obj\device\system_MKE06Z4.o"
#        "C:\Users\Admin
#        M1\Desktop\CodeNampt\Bootloader\debug\obj\source\vac_flash_spi.o"
#        "C:\Users\Admin
#        M1\Desktop\CodeNampt\Bootloader\debug\obj\source\vac_i2c_soft.o"
#        "C:\Users\Admin
#        M1\Desktop\CodeNampt\Bootloader\debug\obj\source\vac_rs485.o"
#        "C:\Users\Admin
#        M1\Desktop\CodeNampt\Bootloader\debug\obj\source\vac_timer.o"
#        "C:\Users\Admin
#        M1\Desktop\CodeNampt\Bootloader\debug\obj\source\vac_uart.o"
#        "C:\Users\Admin
#        M1\Desktop\CodeNampt\Bootloader\debug\obj\source\vac_variables.o"
#        --redirect _Printf=_PrintfSmallNoMb --redirect _Scanf=_ScanfSmallNoMb
#        --no_out_extension -o "C:\Users\Admin
#        M1\Desktop\CodeNampt\Bootloader\debug\Bootloader.out" --map
#        "C:\Users\Admin
#        M1\Desktop\CodeNampt\Bootloader\debug\list\Bootloader.map" --config
#        "C:\Users\Admin
#        M1\Desktop\CodeNampt\Bootloader/MKE06Z4/iar/MKE06Z128xxx4_flash.icf"
#        --semihosting --entry Reset_Handler --vfe --text_out locale)
#
###############################################################################

*******************************************************************************
*** RUNTIME MODEL ATTRIBUTES
***

CppFlavor       = *
__CPP_Runtime   = 1
__Heap_Handler  = DLMalloc
__SystemLibrary = DLib
__dlib_version  = 6


*******************************************************************************
*** HEAP SELECTION
***

The advanced heap was selected because the application calls memory
allocation functions outside of system library functions, and there
are calls to deallocation functions in the application.


*******************************************************************************
*** PLACEMENT SUMMARY
***

"A0":  place at address 0xc000 { ro section .intvec };
"P1":  place in [from 0xc400 to 0xc40f] { section FlashConfig };
"P2":  place in [from 0xc000 to 0xc1ff] |
                [from 0xc410 to 0x1'ffff] { ro };
define block RW { rw };
"P3":  place in [from 0x1fff'f000 to 0x2000'2bff] { block RW };
define block ZI { zi };
"P4":  place in [from 0x1fff'f000 to 0x2000'2bff] { block ZI };
define block NCACHE_VAR { section NonCacheable, section NonCacheable.init };
"P7":  place in [from 0x1fff'f000 to 0x2000'2bff] { block NCACHE_VAR };
define block QACCESS_CODE { section CodeQuickAccess };
"P8":  place in [from 0x1fff'f000 to 0x2000'2bff] { block QACCESS_CODE };
define block QACCESS_DATA { section DataQuickAccess };
"P9":  place in [from 0x1fff'f000 to 0x2000'2bff] { block QACCESS_DATA };
define block CSTACK with size = 1K, alignment = 8 { };
"P6":  place in [from 0x2000'2c00 to 0x2000'2fff] { block CSTACK };
initialize by copy {
   rw, section .textrw, section CodeQuickAccess, section DataQuickAccess };

No sections matched the following patterns:

  section CodeQuickAccess    in block QACCESS_CODE
  section DataQuickAccess    in block QACCESS_DATA
  section NonCacheable       in block NCACHE_VAR
  section NonCacheable.init  in block NCACHE_VAR


  Section            Kind         Address    Size  Object
  -------            ----         -------    ----  ------
"A0":                                        0xc0
  .intvec            ro code       0xc000    0xc0  startup_MKE06Z4.o [7]
                                 - 0xc0c0    0xc0

"P2", part 1 of 2:                           0xe6
  .text              ro code       0xc0c0    0x4e  ABImemcpy.o [10]
  Initializer bytes  const         0xc10e    0x98  <for RW-1>
                                 - 0xc1a6    0xe6

"P1":                                        0x10
  FlashConfig        ro code       0xc400    0x10  startup_MKE06Z4.o [7]
                                 - 0xc410    0x10

"P2", part 2 of 2:                         0x2efe
  .text              ro code       0xc410   0x4d4  fsl_flash.o [5]
  .text              ro code       0xc8e4    0xe0  I32DivModFast.o [10]
  .rodata            const         0xc9c4     0x2  pin_mux.o [1]
  .text              ro code       0xc9c8    0x52  ABImemset.o [10]
  .rodata            const         0xca1a     0x2  pin_mux.o [1]
  .text              ro code       0xca1c     0x2  IntDivZer.o [10]
  .rodata            const         0xca1e     0x2  pin_mux.o [1]
  .text              ro code       0xca20   0x44a  fsl_debug_console.o [8]
  .rodata            const         0xce6a     0x2  pin_mux.o [1]
  .text              ro code       0xce6c   0x1dc  fsl_adapter_uart.o [3]
  .text              ro code       0xd048     0xe  strlen.o [10]
  .rodata            const         0xd056     0x2  pin_mux.o [1]
  .text              ro code       0xd058    0x1c  fsl_assert.o [8]
  .text              ro code       0xd074   0x338  fsl_uart.o [5]
  .rodata            const         0xd3ac   0x400  crc32_cal.o [6]
  .text              ro code       0xd7ac   0x3b6  vac_flash_spi.o [6]
  .rodata            const         0xdb62     0x2  pin_mux.o [1]
  .text              ro code       0xdb64   0x120  fsl_gpio.o [5]
  .text              ro code       0xdc84   0x37c  fsl_spi.o [5]
  .text              ro code       0xe000   0x2dc  fsl_clock.o [5]
  .text              ro code       0xe2dc   0x34c  vac_i2c_soft.o [6]
  .text              ro code       0xe628   0x292  main.o [6]
  .rodata            const         0xe8ba     0x2  pin_mux.o [1]
  .text              ro code       0xe8bc   0x150  pin_mux.o [1]
  .text              ro code       0xea0c    0x5c  clock_config.o [1]
  .text              ro code       0xea68    0x1a  board.o [1]
  .rodata            const         0xea82     0x2  pin_mux.o [1]
  .text              ro code       0xea84    0x48  crc32_cal.o [6]
  .text              ro code       0xeacc    0x74  fsl_port.o [5]
  .text              ro code       0xeb40   0x1f0  lz77_init.o [10]
  .text              ro code       0xed30     0xa  abort.o [9]
  .rodata            const         0xed3a     0x2  pin_mux.o [1]
  .text              ro code       0xed3c    0x14  exit.o [11]
  .rodata            const         0xed50    0x54  fsl_adapter_uart.o [3]
  .rodata            const         0xeda4    0x48  fsl_adapter_uart.o [3]
  .text              ro code       0xedec    0x48  system_MKE06Z4.o [4]
  .text              ro code       0xee34     0x2  system_MKE06Z4.o [4]
  .rodata            const         0xee36     0x2  pin_mux.o [1]
  .rodata            const         0xee38    0x44  fsl_clock.o [5]
  .rodata            const         0xee7c    0x44  fsl_gpio.o [5]
  .rodata            const         0xeec0    0x44  fsl_spi.o [5]
  .rodata            const         0xef04    0x44  fsl_uart.o [5]
  .rodata            const         0xef48    0x3c  fsl_spi.o [5]
  .text              ro code       0xef84    0x3c  vac_uart.o [6]
  .text              ro code       0xefc0    0x3c  zero_init3.o [10]
  .text              ro code       0xeffc    0x30  fsl_ftm.o [5]
  .rodata            const         0xf02c    0x2c  fsl_assert.o [8]
  .rodata            const         0xf058    0x28  fsl_spi.o [5]
  .text              ro code       0xf080    0x28  startup_MKE06Z4.o [7]
  .text              ro code       0xf0a8    0x28  data_init.o [10]
  .rodata            const         0xf0d0    0x24  fsl_adapter_uart.o [3]
  .iar.init_table    const         0xf0f4    0x2c  - Linker created -
  .text              ro code       0xf120    0x1e  cmain.o [10]
  .text              ro code       0xf13e     0x4  low_level_init.o [9]
  .text              ro code       0xf142     0x8  exit.o [9]
  .rodata            const         0xf14a     0x2  pin_mux.o [1]
  .text              ro code       0xf14c     0xa  cexit.o [10]
  .rodata            const         0xf156     0x2  pin_mux.o [1]
  .rodata            const         0xf158    0x1c  fsl_flash.o [5]
  .rodata            const         0xf174    0x1c  fsl_uart.o [5]
  .rodata            const         0xf190    0x1c  fsl_uart.o [5]
  .text              ro code       0xf1ac    0x1c  cstartup_M.o [10]
  .rodata            const         0xf1c8    0x14  fsl_spi.o [5]
  .rodata            const         0xf1dc    0x14  fsl_spi.o [5]
  .text              ro code       0xf1f0    0x14  vac_timer.o [6]
  .rodata            const         0xf204     0xc  fsl_adapter_uart.o [3]
  .rodata            const         0xf210     0xc  fsl_clock.o [5]
  .rodata            const         0xf21c     0xc  fsl_flash.o [5]
  .rodata            const         0xf228     0xc  fsl_gpio.o [5]
  .rodata            const         0xf234     0xc  fsl_spi.o [5]
  .rodata            const         0xf240     0xc  fsl_uart.o [5]
  .rodata            const         0xf24c     0xc  fsl_uart.o [5]
  .rodata            const         0xf258     0xc  fsl_uart.o [5]
  .rodata            const         0xf264     0xc  fsl_uart.o [5]
  .rodata            const         0xf270     0x8  fsl_adapter_uart.o [3]
  .rodata            const         0xf278     0x8  fsl_adapter_uart.o [3]
  .rodata            const         0xf280     0x8  fsl_adapter_uart.o [3]
  .rodata            const         0xf288     0x8  fsl_adapter_uart.o [3]
  .rodata            const         0xf290     0x8  fsl_gpio.o [5]
  .rodata            const         0xf298     0x8  fsl_spi.o [5]
  .rodata            const         0xf2a0     0x8  fsl_spi.o [5]
  .text              ro code       0xf2a8     0x8  startup_MKE06Z4.o [7]
  .text              ro code       0xf2b0     0x8  startup_MKE06Z4.o [7]
  .text              ro code       0xf2b8     0x8  startup_MKE06Z4.o [7]
  .text              ro code       0xf2c0     0x8  startup_MKE06Z4.o [7]
  .text              ro code       0xf2c8     0x8  startup_MKE06Z4.o [7]
  .text              ro code       0xf2d0     0x8  startup_MKE06Z4.o [7]
  .text              ro code       0xf2d8     0x8  startup_MKE06Z4.o [7]
  .text              ro code       0xf2e0     0x8  startup_MKE06Z4.o [7]
  .text              ro code       0xf2e8     0x8  startup_MKE06Z4.o [7]
  .text              ro code       0xf2f0     0x8  startup_MKE06Z4.o [7]
  .rodata            const         0xf2f8     0x4  clock_config.o [1]
  .rodata            const         0xf2fc     0x4  clock_config.o [1]
  .rodata            const         0xf300     0x2  vac_i2c_soft.o [6]
  .rodata            const         0xf302     0x2  vac_i2c_soft.o [6]
  .rodata            const         0xf304     0x2  vac_i2c_soft.o [6]
  .text              ro code       0xf306     0x2  startup_MKE06Z4.o [7]
  .text              ro code       0xf308     0x2  startup_MKE06Z4.o [7]
  .text              ro code       0xf30a     0x2  startup_MKE06Z4.o [7]
  .text              ro code       0xf30c     0x2  startup_MKE06Z4.o [7]
  .rodata            const         0xf30e     0x0  zero_init3.o [10]
  .rodata            const         0xf30e     0x0  lz77_init.o [10]
                                 - 0xf30e  0x2efe

"P3-P4|P7-P9", part 1 of 2:                 0x40a
  RW                          0x1fff'f000   0x40a  <Block>
    RW-1                      0x1fff'f000   0x40a  <Init block>
      .data          inited   0x1fff'f000     0x4  fsl_clock.o [5]
      .data          inited   0x1fff'f004   0x400  main.o [6]
      .data          inited   0x1fff'f404     0x4  system_MKE06Z4.o [4]
      .data          inited   0x1fff'f408     0x1  main.o [6]
      .data          inited   0x1fff'f409     0x1  main.o [6]
                            - 0x1fff'f40a   0x40a

"P3-P4|P7-P9", part 2 of 2:                 0x774
  ZI                          0x1fff'f40c   0x774  <Block>
    .bss             zero     0x1fff'f40c     0x4  crc32_cal.o [6]
    .bss             zero     0x1fff'f410     0x4  fsl_clock.o [5]
    .bss             zero     0x1fff'f414    0x14  fsl_debug_console.o [8]
    .bss             zero     0x1fff'f428     0x4  fsl_flash.o [5]
    .bss             zero     0x1fff'f42c     0x4  fsl_flash.o [5]
    .bss             zero     0x1fff'f430    0x40  fsl_flash.o [5]
    .bss             zero     0x1fff'f470    0x40  fsl_flash.o [5]
    .bss             zero     0x1fff'f4b0     0x8  fsl_spi.o [5]
    .bss             zero     0x1fff'f4b8     0x4  fsl_spi.o [5]
    .bss             zero     0x1fff'f4bc     0x4  fsl_spi.o [5]
    .bss             zero     0x1fff'f4c0     0xc  fsl_uart.o [5]
    .bss             zero     0x1fff'f4cc     0x4  fsl_uart.o [5]
    .bss             zero     0x1fff'f4d0    0x38  main.o [6]
    .bss             zero     0x1fff'f508   0x200  main.o [6]
    .bss             zero     0x1fff'f708   0x200  main.o [6]
    .bss             zero     0x1fff'f908   0x200  main.o [6]
    .bss             zero     0x1fff'fb08     0x4  main.o [6]
    .bss             zero     0x1fff'fb0c    0x64  vac_uart.o [6]
    .bss             zero     0x1fff'fb70     0xc  vac_variables.o [6]
    .bss             zero     0x1fff'fb7c     0x2  fsl_spi.o [5]
    .bss             zero     0x1fff'fb7e     0x1  vac_uart.o [6]
                            - 0x1fff'fb80   0x774

"P6":                                       0x400
  CSTACK                      0x2000'2c00   0x400  <Block>
    CSTACK           uninit   0x2000'2c00   0x400  <Block tail>
                            - 0x2000'3000   0x400

Unused ranges:

         From           To      Size
         ----           --      ----
       0xc1a6       0xc1ff      0x5a
       0xf30e     0x1'ffff  0x1'0cf2
  0x1fff'f40a  0x1fff'f40b       0x2
  0x1fff'fb80  0x2000'2bff    0x3080


*******************************************************************************
*** INIT TABLE
***

          Address      Size
          -------      ----
Zero (__iar_zero_init3)
    1 destination range, total size 0x773:
          0x1fff'f40c  0x773

Copy/lz77 (__iar_lz77_init3)
    1 source range, total size 0x98 (14% of destination):
               0xc10e   0x98
    1 destination range, total size 0x40a:
          0x1fff'f000  0x40a



*******************************************************************************
*** MODULE SUMMARY
***

    Module               ro code  ro data  rw data
    ------               -------  -------  -------
command line/config:
    ----------------------------------------------
    Total:

C:\Users\Admin M1\Desktop\CodeNampt\Bootloader\debug\obj\board: [1]
    board.o                   26
    clock_config.o            92        8
    pin_mux.o                336       24
    ----------------------------------------------
    Total:                   454       32

C:\Users\Admin M1\Desktop\CodeNampt\Bootloader\debug\obj\component\lists: [2]
    ----------------------------------------------
    Total:

C:\Users\Admin M1\Desktop\CodeNampt\Bootloader\debug\obj\component\uart: [3]
    fsl_adapter_uart.o       476      236
    ----------------------------------------------
    Total:                   476      236

C:\Users\Admin M1\Desktop\CodeNampt\Bootloader\debug\obj\device: [4]
    system_MKE06Z4.o          74                 4
    ----------------------------------------------
    Total:                    74                 4

C:\Users\Admin M1\Desktop\CodeNampt\Bootloader\debug\obj\drivers: [5]
    fsl_clock.o              732       80        8
    fsl_flash.o            1'236       40      136
    fsl_ftm.o                 48
    fsl_gpio.o               288       88
    fsl_port.o               116
    fsl_spi.o                892      236       18
    fsl_uart.o               824      172       16
    ----------------------------------------------
    Total:                 4'136      616      178

C:\Users\Admin M1\Desktop\CodeNampt\Bootloader\debug\obj\source: [6]
    crc32_cal.o               72    1'024        4
    main.o                   658      152    2'622
    vac_flash_spi.o          950
    vac_i2c_soft.o           844        6
    vac_timer.o               20
    vac_uart.o                60               101
    vac_variables.o                             12
    ----------------------------------------------
    Total:                 2'604    1'182    2'739

C:\Users\Admin M1\Desktop\CodeNampt\Bootloader\debug\obj\startup: [7]
    startup_MKE06Z4.o        336
    ----------------------------------------------
    Total:                   336

C:\Users\Admin M1\Desktop\CodeNampt\Bootloader\debug\obj\utilities: [8]
    fsl_assert.o              28       44
    fsl_debug_console.o    1'098                20
    ----------------------------------------------
    Total:                 1'126       44       20

dl6M_tln.a: [9]
    abort.o                   10
    exit.o                     8
    low_level_init.o           4
    ----------------------------------------------
    Total:                    22

rt6M_tl.a: [10]
    ABImemcpy.o               78
    ABImemset.o               82
    I32DivModFast.o          224
    IntDivZer.o                2
    cexit.o                   10
    cmain.o                   30
    cstartup_M.o              28
    data_init.o               40
    lz77_init.o              496
    strlen.o                  14
    zero_init3.o              60
    ----------------------------------------------
    Total:                 1'064

shb_l.a: [11]
    exit.o                    20
    ----------------------------------------------
    Total:                    20

    Gaps                       2
    Linker created                     44    1'024
--------------------------------------------------
    Grand Total:          10'314    2'154    3'965


*******************************************************************************
*** ENTRY LIST
***

Entry                       Address   Size  Type      Object
-----                       -------   ----  ----      ------
.iar.init_table$$Base        0xf0f4          --   Gb  - Linker created -
.iar.init_table$$Limit       0xf120          --   Gb  - Linker created -
?main                        0xf121         Code  Gb  cmain.o [10]
BOARD_BootClockRUN           0xea2d   0x22  Code  Gb  clock_config.o [1]
BOARD_InitBootClocks         0xea25    0x8  Code  Gb  clock_config.o [1]
BOARD_InitBootPins           0xe8bd   0x14  Code  Gb  pin_mux.o [1]
BOARD_InitDebugConsole       0xea69   0x1a  Code  Gb  board.o [1]
BOARD_flash_spi              0xe93f   0x44  Code  Gb  pin_mux.o [1]
BOARD_gpio_led               0xe8d1   0x50  Code  Gb  pin_mux.o [1]
BOARD_i2c                    0xe983   0x50  Code  Gb  pin_mux.o [1]
BOARD_rs485                  0xe921   0x1e  Code  Gb  pin_mux.o [1]
CLOCK_BootToFeiMode          0xe2c5    0xe  Code  Gb  fsl_clock.o [5]
CLOCK_EnableClock            0xdc85   0x12  Code  Lc  fsl_spi.o [5]
CLOCK_EnableClock            0xd075   0x12  Code  Lc  fsl_uart.o [5]
CLOCK_GetCoreSysClkFreq
                             0xe0fd   0x18  Code  Gb  fsl_clock.o [5]
CLOCK_GetFlashClkFreq        0xe0d7   0x26  Code  Gb  fsl_clock.o [5]
CLOCK_GetFllExtRefClkFreq
                             0xe043   0x4e  Code  Lc  fsl_clock.o [5]
CLOCK_GetFllFreq             0xe1f9   0x1a  Code  Gb  fsl_clock.o [5]
CLOCK_GetFllRefClkFreq       0xe091   0x1e  Code  Lc  fsl_clock.o [5]
CLOCK_GetFreq                0xe12d   0x66  Code  Gb  fsl_clock.o [5]
CLOCK_GetICSExtClkFreq       0xe027   0x1c  Code  Lc  fsl_clock.o [5]
CLOCK_GetICSFixedFreqClkFreq
                             0xe231   0x20  Code  Gb  fsl_clock.o [5]
CLOCK_GetICSOutClkFreq       0xe1b5   0x44  Code  Gb  fsl_clock.o [5]
CLOCK_GetInternalRefClkFreq
                             0xe213   0x14  Code  Gb  fsl_clock.o [5]
CLOCK_GetOsc0ErClkFreq       0xe0af   0x28  Code  Gb  fsl_clock.o [5]
CLOCK_GetTimerClkFreq        0xe115   0x18  Code  Gb  fsl_clock.o [5]
CLOCK_SetFeiMode             0xe269   0x50  Code  Gb  fsl_clock.o [5]
CLOCK_SetInternalRefClkConfig
                             0xea17    0xe  Code  Lc  clock_config.o [1]
CLOCK_SetOutDiv              0xe001   0x26  Code  Lc  fsl_clock.o [5]
CLOCK_SetSimConfig           0xe193   0x22  Code  Gb  fsl_clock.o [5]
CLOCK_SetSimSafeDivs         0xea0d    0xa  Code  Lc  clock_config.o [1]
CSTACK$$Base            0x2000'2c00          --   Gb  - Linker created -
CSTACK$$Limit           0x2000'3000          --   Gb  - Linker created -
DbgConsole_ConvertRadixNumToString
                             0xcaff   0x78  Code  Lc  fsl_debug_console.o [8]
DbgConsole_Init              0xca21   0x52  Code  Gb  fsl_debug_console.o [8]
DbgConsole_Printf            0xca73   0x1c  Code  Gb  fsl_debug_console.o [8]
DbgConsole_PrintfFormattedData
                             0xcb77  0x2f4  Code  Lc  fsl_debug_console.o [8]
DbgConsole_PrintfPaddingCharacter
                             0xcadd   0x22  Code  Lc  fsl_debug_console.o [8]
DbgConsole_Putchar           0xcab1   0x1c  Code  Gb  fsl_debug_console.o [8]
DbgConsole_Vprintf           0xca8f   0x22  Code  Gb  fsl_debug_console.o [8]
FLASH_Erase                  0xc4df   0xbc  Code  Gb  fsl_flash.o [5]
FLASH_Init                   0xc411   0xa4  Code  Gb  fsl_flash.o [5]
FLASH_PrepareExecuteInRamFunctions
                             0xc4b5   0x2a  Code  Gb  fsl_flash.o [5]
FLASH_Program                0xc59b   0xe2  Code  Gb  fsl_flash.o [5]
FLASH_SetProperty            0xc695   0x46  Code  Gb  fsl_flash.o [5]
FTM2_IRQHandler              0xf1f1    0xe  Code  Gb  vac_timer.o [6]
FTM_ClearStatusFlags         0xeffd   0x30  Code  Gb  fsl_ftm.o [5]
GPIO_PinInit                 0xdb65   0xc0  Code  Gb  fsl_gpio.o [5]
GPIO_PinWrite                0xdc25   0x54  Code  Gb  fsl_gpio.o [5]
HAL_UartGetStatus            0xce6d   0x10  Code  Lc  fsl_adapter_uart.o [3]
HAL_UartInit                 0xce7d   0xe2  Code  Gb  fsl_adapter_uart.o [3]
HAL_UartReceiveBlocking
                             0xcf5f   0x64  Code  Gb  fsl_adapter_uart.o [3]
HAL_UartSendBlocking         0xcfc3   0x60  Code  Gb  fsl_adapter_uart.o [3]
InStream_Read                0xeb55   0x20  Code  Lc  lz77_init.o [10]
InStream_StepRegion          0xeb41   0x14  Code  Lc  lz77_init.o [10]
OutStream_Write              0xeb75   0x46  Code  Lc  lz77_init.o [10]
PORT_SetPinSelect            0xeacd   0x62  Code  Gb  fsl_port.o [5]
RW$$Base                0x1fff'f000          --   Gb  - Linker created -
RW$$Limit               0x1fff'f40a          --   Gb  - Linker created -
Region$$Table$$Base          0xf0f4          --   Gb  - Linker created -
Region$$Table$$Limit         0xf120          --   Gb  - Linker created -
Reset_Handler                0xf081         Code  Wk  startup_MKE06Z4.o [7]
SPI0_DriverIRQHandler        0xdf91   0x22  Code  Gb  fsl_spi.o [5]
SPI1_DriverIRQHandler        0xdfb5   0x22  Code  Gb  fsl_spi.o [5]
SPI_CommonIRQHandler         0xdf61   0x30  Code  Lc  fsl_spi.o [5]
SPI_GetInstance              0xdc97   0x30  Code  Gb  fsl_spi.o [5]
SPI_MasterGetDefaultConfig
                             0xdd37   0x36  Code  Gb  fsl_spi.o [5]
SPI_MasterInit               0xdd6d   0xba  Code  Gb  fsl_spi.o [5]
SPI_MasterSetBaudRate        0xde41   0x7e  Code  Gb  fsl_spi.o [5]
SPI_MasterTransferBlocking
                             0xdec9   0x86  Code  Gb  fsl_spi.o [5]
SPI_ReadData                 0xdebf    0xa  Code  Gb  fsl_spi.o [5]
SPI_ReadNonBlocking          0xdd0b   0x2c  Code  Lc  fsl_spi.o [5]
SPI_SetDummyData             0xdcc7   0x12  Code  Gb  fsl_spi.o [5]
SPI_WriteNonBlocking         0xdcd9   0x32  Code  Lc  fsl_spi.o [5]
SysTick_Handler              0xe63d    0x6  Code  Gb  main.o [6]
SystemCoreClock         0x1fff'f404    0x4  Data  Gb  system_MKE06Z4.o [4]
SystemInit                   0xeded   0x2c  Code  Gb  system_MKE06Z4.o [4]
UART0_DriverIRQHandler       0xd379   0x10  Code  Gb  fsl_uart.o [5]
UART1_DriverIRQHandler       0xd38b   0x10  Code  Gb  fsl_uart.o [5]
UART2_IRQHandler             0xef89   0x2a  Code  Gb  vac_uart.o [6]
UART_ClearStatusFlags        0xd249   0x32  Code  Gb  fsl_uart.o [5]
UART_GetDefaultConfig        0xd1e7   0x44  Code  Gb  fsl_uart.o [5]
UART_GetInstance             0xd087   0x32  Code  Gb  fsl_uart.o [5]
UART_GetStatusFlags          0xd23d    0xc  Code  Gb  fsl_uart.o [5]
UART_Init                    0xd0b9  0x12e  Code  Gb  fsl_uart.o [5]
UART_ReadBlocking            0xd2b1   0xaa  Code  Gb  fsl_uart.o [5]
UART_ReadByte                0xef85    0x4  Code  Lc  vac_uart.o [6]
UART_WriteBlocking           0xd285   0x24  Code  Gb  fsl_uart.o [5]
ZI$$Base                0x1fff'f40c          --   Gb  - Linker created -
ZI$$Limit               0x1fff'fb80          --   Gb  - Linker created -
__NVIC_SystemReset           0xe629   0x14  Code  Lc  main.o [6]
__Vectors                    0xc000          --   Gb  startup_MKE06Z4.o [7]
__Vectors_End                0xc0c0         Data  Gb  startup_MKE06Z4.o [7]
__Vectors_Size {Abs}           0xc0          --   Gb  startup_MKE06Z4.o [7]
__aeabi_assert               0xd059   0x1c  Code  Gb  fsl_assert.o [8]
__aeabi_idiv                 0xc911         Code  Gb  I32DivModFast.o [10]
__aeabi_idiv0                0xca1d         Code  Gb  IntDivZer.o [10]
__aeabi_idivmod              0xc911         Code  Gb  I32DivModFast.o [10]
__aeabi_memclr4              0xc9e9         Code  Gb  ABImemset.o [10]
__aeabi_memclr8              0xc9e9         Code  Gb  ABImemset.o [10]
__aeabi_memcpy               0xc0f5         Code  Gb  ABImemcpy.o [10]
__aeabi_memcpy4              0xc0c1         Code  Gb  ABImemcpy.o [10]
__aeabi_memcpy8              0xc0c1         Code  Gb  ABImemcpy.o [10]
__aeabi_memset               0xc9c9         Code  Gb  ABImemset.o [10]
__aeabi_uidiv                0xc917         Code  Gb  I32DivModFast.o [10]
__aeabi_uidivmod             0xc917         Code  Gb  I32DivModFast.o [10]
__cmain                      0xf121         Code  Gb  cmain.o [10]
__exit                       0xed3d   0x14  Code  Gb  exit.o [11]
__iar_Memcpy                 0xc101         Code  Gb  ABImemcpy.o [10]
__iar_Memset4_word           0xc9ed         Code  Gb  ABImemset.o [10]
__iar_Memset_word            0xc9d5         Code  Gb  ABImemset.o [10]
__iar_data_init3             0xf0a9   0x28  Code  Gb  data_init.o [10]
__iar_lz77_init3             0xebbb  0x176  Code  Gb  lz77_init.o [10]
__iar_program_start          0xf1ad         Code  Gb  cstartup_M.o [10]
__iar_zero_init3             0xefc1   0x3c  Code  Gb  zero_init3.o [10]
__low_level_init             0xf13f    0x4  Code  Gb  low_level_init.o [9]
__vector_table               0xc000         Data  Gb  startup_MKE06Z4.o [7]
__vector_table_0x1c          0xc01c         Data  Gb  startup_MKE06Z4.o [7]
_call_main                   0xf12d         Code  Gb  cmain.o [10]
_exit                        0xf14d         Code  Gb  cexit.o [10]
abort                        0xed31    0xa  Code  Gb  abort.o [9]
buf_test                0x1fff'fb0c   0x64  Data  Gb  vac_uart.o [6]
buff_cnt                0x1fff'fb7e    0x1  Data  Gb  vac_uart.o [6]
callFlashCommonBitOperation
                        0x1fff'f42c    0x4  Data  Lc  fsl_flash.o [5]
callFlashRunCommand     0x1fff'f428    0x4  Data  Lc  fsl_flash.o [5]
copy_flash_common_bit_operation
                             0xc79b   0x1e  Code  Lc  fsl_flash.o [5]
copy_flash_run_command       0xc6db   0x1a  Code  Lc  fsl_flash.o [5]
crc                     0x1fff'f40c    0x4  Data  Lc  crc32_cal.o [6]
crc32_tab                    0xd3ac  0x400  Data  Gb  crc32_cal.o [6]
crc32cal_Get32bitResult
                             0xeab9    0xc  Code  Gb  crc32_cal.o [6]
crc32cal_Init                0xea85    0xa  Code  Gb  crc32_cal.o [6]
crc32cal_WriteData           0xea8f   0x2a  Code  Gb  crc32_cal.o [6]
error_trap                   0xe8b7    0x4  Code  Lc  main.o [6]
exit                         0xf143    0x8  Code  Gb  exit.o [9]
flash_cache_clear            0xc7d3    0xe  Code  Gb  fsl_flash.o [5]
flash_cache_clear_process
                             0xc7e1   0x22  Code  Lc  fsl_flash.o [5]
flash_check_execute_in_ram_function_info
                             0xc803   0x22  Code  Lc  fsl_flash.o [5]
flash_check_range            0xc825   0x3a  Code  Lc  fsl_flash.o [5]
flash_check_user_key         0xc8ab   0x12  Code  Lc  fsl_flash.o [5]
flash_chip_select_spi1       0xd7eb   0x38  Code  Lc  vac_flash_spi.o [6]
flash_command_sequence       0xc711   0x54  Code  Lc  fsl_flash.o [5]
flash_common_bit_operation_command_sequence
                             0xc765   0x36  Code  Lc  fsl_flash.o [5]
flash_erase_sector           0xd8ab   0x4e  Code  Gb  vac_flash_spi.o [6]
flash_get_matched_operation_info
                             0xc85f   0x4c  Code  Lc  fsl_flash.o [5]
flash_read_buffer            0xdaff   0x64  Code  Gb  vac_flash_spi.o [6]
flash_set_command            0xc6f5   0x1c  Code  Gb  fsl_flash.o [5]
flash_wait_for_write_end
                             0xd873   0x38  Code  Lc  vac_flash_spi.o [6]
flash_write_buffer           0xd969  0x196  Code  Gb  vac_flash_spi.o [6]
flash_write_byte             0xd823   0x30  Code  Lc  vac_flash_spi.o [6]
flash_write_enable           0xd853   0x20  Code  Lc  vac_flash_spi.o [6]
flash_write_page             0xd8f9   0x70  Code  Gb  vac_flash_spi.o [6]
g_buffer_flashEX        0x1fff'f908  0x200  Data  Gb  main.o [6]
g_spiDummyData          0x1fff'fb7c    0x2  Data  Gb  fsl_spi.o [5]
g_systickCounter        0x1fff'fb08    0x4  Data  Gb  main.o [6]
g_xtal0Freq             0x1fff'f410    0x4  Data  Gb  fsl_clock.o [5]
hardwawre_init               0xe6b1   0x10  Code  Lc  main.o [6]
i2c_delay_us                 0xe3a9   0x1a  Code  Lc  vac_i2c_soft.o [6]
i2c_init                     0xe3c3   0x3c  Code  Gb  vac_i2c_soft.o [6]
i2c_scl_pin_off              0xe393   0x16  Code  Lc  vac_i2c_soft.o [6]
i2c_scl_pin_on               0xe37d   0x16  Code  Lc  vac_i2c_soft.o [6]
i2c_scl_pin_output           0xe327   0x1e  Code  Lc  vac_i2c_soft.o [6]
i2c_sda_pin                  0xe2dd   0x4a  Code  Lc  vac_i2c_soft.o [6]
i2c_sda_pin_off              0xe367   0x16  Code  Lc  vac_i2c_soft.o [6]
i2c_sda_pin_on               0xe351   0x16  Code  Lc  vac_i2c_soft.o [6]
i2c_start                    0xe3ff   0x5e  Code  Gb  vac_i2c_soft.o [6]
i2c_stop                     0xe45d   0x4e  Code  Gb  vac_i2c_soft.o [6]
i2c_write                    0xe4ab   0x90  Code  Gb  vac_i2c_soft.o [6]
icsConfig_BOARD_BootClockRUN
                             0xf2f8    0x4  Data  Gb  clock_config.o [1]
init_flash                   0xd7ad   0x3e  Code  Gb  vac_flash_spi.o [6]
init_rtc                     0xe5f7   0x32  Code  Gb  vac_i2c_soft.o [6]
main                         0xe643   0x6e  Code  Gb  main.o [6]
mcm_flash_cache_clear        0xc7b9   0x1a  Code  Gb  fsl_flash.o [5]
rtc_enable_charge            0xe5b3   0x44  Code  Lc  vac_i2c_soft.o [6]
s_UartAdapterBase            0xf204    0xc  Data  Lc  fsl_adapter_uart.o [3]
s_buffer                0x1fff'f508  0x200  Data  Lc  main.o [6]
s_buffer_rbc            0x1fff'f708  0x200  Data  Lc  main.o [6]
s_debugConsole          0x1fff'f414   0x14  Data  Lc  fsl_debug_console.o [8]
s_flashCommonBitOperation
                        0x1fff'f470   0x40  Data  Lc  fsl_flash.o [5]
s_flashCommonBitOperationFunctionCode
                             0xf158   0x1c  Data  Lc  fsl_flash.o [5]
s_flashDriver           0x1fff'f4d0   0x38  Data  Lc  main.o [6]
s_flashRunCommand       0x1fff'f430   0x40  Data  Lc  fsl_flash.o [5]
s_flashRunCommandFunctionCode
                             0xf21c    0xc  Data  Lc  fsl_flash.o [5]
s_gpioBases                  0xf228    0xc  Data  Lc  fsl_gpio.o [5]
s_slowIrcFreq           0x1fff'f000    0x4  Data  Lc  fsl_clock.o [5]
s_spiBases                   0xf298    0x8  Data  Lc  fsl_spi.o [5]
s_spiClock                   0xf2a0    0x8  Data  Lc  fsl_spi.o [5]
s_spiHandle             0x1fff'f4b0    0x8  Data  Lc  fsl_spi.o [5]
s_spiMasterIsr          0x1fff'f4b8    0x4  Data  Lc  fsl_spi.o [5]
s_spiSlaveIsr           0x1fff'f4bc    0x4  Data  Lc  fsl_spi.o [5]
s_uartBases                  0xf258    0xc  Data  Lc  fsl_uart.o [5]
s_uartClock                  0xf264    0xc  Data  Lc  fsl_uart.o [5]
s_uartHandle            0x1fff'f4c0    0xc  Data  Gb  fsl_uart.o [5]
s_uartIsr               0x1fff'f4cc    0x4  Data  Gb  fsl_uart.o [5]
sample_file             0x1fff'f004  0x400  Data  Gb  main.o [6]
simConfig_BOARD_BootClockRUN
                             0xf2fc    0x4  Data  Gb  clock_config.o [1]
software_init                0xe6c1   0x1a  Code  Lc  main.o [6]
strlen                       0xd049         Code  Gb  strlen.o [10]
sys_boot                     0xe6db  0x182  Code  Lc  main.o [6]
sys_jumpApp                  0xe8ad    0xa  Code  Lc  main.o [6]
system_var              0x1fff'fb70    0xc  Data  Gb  vac_variables.o [6]
val_tran_0              0x1fff'f409    0x1  Data  Gb  main.o [6]
val_tran_1              0x1fff'f408    0x1  Data  Gb  main.o [6]
write_rtc                    0xe53b   0x78  Code  Gb  vac_i2c_soft.o [6]


[1] = C:\Users\Admin M1\Desktop\CodeNampt\Bootloader\debug\obj\board
[2] = C:\Users\Admin M1\Desktop\CodeNampt\Bootloader\debug\obj\component\lists
[3] = C:\Users\Admin M1\Desktop\CodeNampt\Bootloader\debug\obj\component\uart
[4] = C:\Users\Admin M1\Desktop\CodeNampt\Bootloader\debug\obj\device
[5] = C:\Users\Admin M1\Desktop\CodeNampt\Bootloader\debug\obj\drivers
[6] = C:\Users\Admin M1\Desktop\CodeNampt\Bootloader\debug\obj\source
[7] = C:\Users\Admin M1\Desktop\CodeNampt\Bootloader\debug\obj\startup
[8] = C:\Users\Admin M1\Desktop\CodeNampt\Bootloader\debug\obj\utilities
[9] = dl6M_tln.a
[10] = rt6M_tl.a
[11] = shb_l.a

  10'314 bytes of readonly  code memory
   2'154 bytes of readonly  data memory
   3'965 bytes of readwrite data memory

Errors: none
Warnings: none
