###############################################################################
#
# IAR ELF Linker V9.20.4.327/W64 for ARM                  19/Jul/2023  21:38:18
# Copyright 2007-2022 IAR Systems AB.
#
#    Output file  =
#        C:\Users\Admin M1\Desktop\CodeNampt\BootLD\debug\Bootloader.out
#    Map file     =
#        C:\Users\Admin M1\Desktop\CodeNampt\BootLD\debug\list\Bootloader.map
#    Command line =
#        -f "C:\Users\Admin
#        M1\Desktop\CodeNampt\BootLD\debug\Bootloader.out.rsp" ("C:\Users\Admin
#        M1\Desktop\CodeNampt\BootLD\debug\obj\board\board.o" "C:\Users\Admin
#        M1\Desktop\CodeNampt\BootLD\debug\obj\board\clock_config.o"
#        "C:\Users\Admin
#        M1\Desktop\CodeNampt\BootLD\debug\obj\source\crc32_cal.o"
#        "C:\Users\Admin
#        M1\Desktop\CodeNampt\BootLD\debug\obj\component\uart\fsl_adapter_uart.o"
#        "C:\Users\Admin
#        M1\Desktop\CodeNampt\BootLD\debug\obj\utilities\fsl_assert.o"
#        "C:\Users\Admin
#        M1\Desktop\CodeNampt\BootLD\debug\obj\drivers\fsl_clock.o"
#        "C:\Users\Admin
#        M1\Desktop\CodeNampt\BootLD\debug\obj\drivers\fsl_common.o"
#        "C:\Users\Admin
#        M1\Desktop\CodeNampt\BootLD\debug\obj\drivers\fsl_common_arm.o"
#        "C:\Users\Admin
#        M1\Desktop\CodeNampt\BootLD\debug\obj\component\lists\fsl_component_generic_list.o"
#        "C:\Users\Admin
#        M1\Desktop\CodeNampt\BootLD\debug\obj\utilities\fsl_debug_console.o"
#        "C:\Users\Admin
#        M1\Desktop\CodeNampt\BootLD\debug\obj\drivers\fsl_flash.o"
#        "C:\Users\Admin
#        M1\Desktop\CodeNampt\BootLD\debug\obj\drivers\fsl_ftm.o"
#        "C:\Users\Admin
#        M1\Desktop\CodeNampt\BootLD\debug\obj\drivers\fsl_gpio.o"
#        "C:\Users\Admin
#        M1\Desktop\CodeNampt\BootLD\debug\obj\drivers\fsl_port.o"
#        "C:\Users\Admin
#        M1\Desktop\CodeNampt\BootLD\debug\obj\drivers\fsl_spi.o"
#        "C:\Users\Admin
#        M1\Desktop\CodeNampt\BootLD\debug\obj\drivers\fsl_uart.o"
#        "C:\Users\Admin M1\Desktop\CodeNampt\BootLD\debug\obj\source\main.o"
#        "C:\Users\Admin M1\Desktop\CodeNampt\BootLD\debug\obj\board\pin_mux.o"
#        "C:\Users\Admin
#        M1\Desktop\CodeNampt\BootLD\debug\obj\startup\startup_MKE06Z4.o"
#        "C:\Users\Admin
#        M1\Desktop\CodeNampt\BootLD\debug\obj\device\system_MKE06Z4.o"
#        "C:\Users\Admin
#        M1\Desktop\CodeNampt\BootLD\debug\obj\source\vac_flash_spi.o"
#        "C:\Users\Admin
#        M1\Desktop\CodeNampt\BootLD\debug\obj\source\vac_i2c_soft.o"
#        "C:\Users\Admin
#        M1\Desktop\CodeNampt\BootLD\debug\obj\source\vac_rs485.o"
#        "C:\Users\Admin
#        M1\Desktop\CodeNampt\BootLD\debug\obj\source\vac_timer.o"
#        "C:\Users\Admin
#        M1\Desktop\CodeNampt\BootLD\debug\obj\source\vac_uart.o"
#        "C:\Users\Admin
#        M1\Desktop\CodeNampt\BootLD\debug\obj\source\vac_variables.o"
#        --redirect _Printf=_PrintfSmallNoMb --redirect _Scanf=_ScanfSmallNoMb
#        --no_out_extension -o "C:\Users\Admin
#        M1\Desktop\CodeNampt\BootLD\debug\Bootloader.out" --map
#        "C:\Users\Admin M1\Desktop\CodeNampt\BootLD\debug\list\Bootloader.map"
#        --config "C:\Users\Admin
#        M1\Desktop\CodeNampt\BootLD/MKE06Z4/iar/MKE06Z128xxx4_flash.icf"
#        --semihosting --entry Reset_Handler --vfe --text_out locale)
#
###############################################################################

*******************************************************************************
*** RUNTIME MODEL ATTRIBUTES
***

CppFlavor       = *
__CPP_Runtime   = 1
__Heap_Handler  = DLMalloc
__SystemLibrary = DLib
__dlib_version  = 6


*******************************************************************************
*** HEAP SELECTION
***

The advanced heap was selected because the application calls memory
allocation functions outside of system library functions, and there
are calls to deallocation functions in the application.


*******************************************************************************
*** PLACEMENT SUMMARY
***

"A0":  place at address 0x0 { ro section .intvec };
"P1":  place in [from 0x400 to 0x40f] { section FlashConfig };
"P2":  place in [from 0x0 to 0x1ff] |
                [from 0x410 to 0x1'ffff] { ro };
define block RW { rw };
"P3":  place in [from 0x1fff'f000 to 0x2000'2bff] { block RW };
define block ZI { zi };
"P4":  place in [from 0x1fff'f000 to 0x2000'2bff] { block ZI };
define block NCACHE_VAR { section NonCacheable, section NonCacheable.init };
"P7":  place in [from 0x1fff'f000 to 0x2000'2bff] { block NCACHE_VAR };
define block QACCESS_CODE { section CodeQuickAccess };
"P8":  place in [from 0x1fff'f000 to 0x2000'2bff] { block QACCESS_CODE };
define block QACCESS_DATA { section DataQuickAccess };
"P9":  place in [from 0x1fff'f000 to 0x2000'2bff] { block QACCESS_DATA };
define block CSTACK with size = 1K, alignment = 8 { };
"P6":  place in [from 0x2000'2c00 to 0x2000'2fff] { block CSTACK };
initialize by copy {
   rw, section .textrw, section CodeQuickAccess, section DataQuickAccess };

No sections matched the following patterns:

  section CodeQuickAccess    in block QACCESS_CODE
  section DataQuickAccess    in block QACCESS_DATA
  section NonCacheable       in block NCACHE_VAR
  section NonCacheable.init  in block NCACHE_VAR


  Section            Kind         Address    Size  Object
  -------            ----         -------    ----  ------
"A0":                                        0xc0
  .intvec            ro code          0x0    0xc0  startup_MKE06Z4.o [7]
                                   - 0xc0    0xc0

"P2", part 1 of 2:                           0xe0
  .text              ro code         0xc0    0xe0  I32DivModFast.o [10]
                                  - 0x1a0    0xe0

"P1":                                        0x10
  FlashConfig        ro code        0x400    0x10  startup_MKE06Z4.o [7]
                                  - 0x410    0x10

"P2", part 2 of 2:                         0x28ac
  .text              ro code        0x410   0x4d4  fsl_flash.o [5]
  .text              ro code        0x8e4    0x4e  ABImemcpy.o [10]
  .rodata            const          0x932     0x2  pin_mux.o [1]
  .text              ro code        0x934    0x52  ABImemset.o [10]
  .rodata            const          0x986     0x2  pin_mux.o [1]
  .text              ro code        0x988     0x2  IntDivZer.o [10]
  .rodata            const          0x98a     0x2  pin_mux.o [1]
  .text              ro code        0x98c   0x44a  fsl_debug_console.o [8]
  .rodata            const          0xdd6     0x2  pin_mux.o [1]
  .text              ro code        0xdd8   0x1dc  fsl_adapter_uart.o [3]
  .text              ro code        0xfb4     0xe  strlen.o [10]
  .rodata            const          0xfc2     0x2  pin_mux.o [1]
  .text              ro code        0xfc4    0x1c  fsl_assert.o [8]
  .text              ro code        0xfe0   0x338  fsl_uart.o [5]
  .text              ro code       0x1318   0x37c  fsl_spi.o [5]
  .text              ro code       0x1694   0x368  vac_flash_spi.o [6]
  .text              ro code       0x19fc   0x148  fsl_gpio.o [5]
  .text              ro code       0x1b44   0x2dc  fsl_clock.o [5]
  .text              ro code       0x1e20   0x34c  vac_i2c_soft.o [6]
  .text              ro code       0x216c   0x318  main.o [6]
  .text              ro code       0x2484   0x150  pin_mux.o [1]
  .text              ro code       0x25d4    0x5c  clock_config.o [1]
  .text              ro code       0x2630    0x1a  board.o [1]
  .rodata            const         0x264a     0x2  pin_mux.o [1]
  .text              ro code       0x264c    0x74  fsl_port.o [5]
  .rodata            const         0x26c0    0x50  fsl_adapter_uart.o [3]
  .rodata            const         0x2710    0x48  fsl_adapter_uart.o [3]
  .text              ro code       0x2758    0x48  system_MKE06Z4.o [4]
  .text              ro code       0x27a0     0x2  system_MKE06Z4.o [4]
  .rodata            const         0x27a2     0x2  pin_mux.o [1]
  .rodata            const         0x27a4    0x40  fsl_clock.o [5]
  .rodata            const         0x27e4    0x40  fsl_gpio.o [5]
  .rodata            const         0x2824    0x40  fsl_spi.o [5]
  .rodata            const         0x2864    0x40  fsl_uart.o [5]
  .rodata            const         0x28a4    0x3c  fsl_spi.o [5]
  .text              ro code       0x28e0    0x3c  vac_uart.o [6]
  .text              ro code       0x291c    0x3c  zero_init3.o [10]
  .text              ro code       0x2958    0x30  fsl_ftm.o [5]
  .text              ro code       0x2988    0x30  copy_init3.o [10]
  .rodata            const         0x29b8    0x2c  fsl_assert.o [8]
  .rodata            const         0x29e4    0x28  fsl_spi.o [5]
  .text              ro code       0x2a0c    0x28  startup_MKE06Z4.o [7]
  .text              ro code       0x2a34    0x28  data_init.o [10]
  .rodata            const         0x2a5c    0x24  fsl_adapter_uart.o [3]
  .iar.init_table    const         0x2a80    0x24  - Linker created -
  .text              ro code       0x2aa4    0x1e  cmain.o [10]
  .text              ro code       0x2ac2     0x4  low_level_init.o [9]
  .text              ro code       0x2ac6     0x8  exit.o [9]
  .rodata            const         0x2ace     0x2  pin_mux.o [1]
  .text              ro code       0x2ad0     0xa  cexit.o [10]
  .rodata            const         0x2ada     0x2  pin_mux.o [1]
  .text              ro code       0x2adc    0x14  exit.o [11]
  .rodata            const         0x2af0    0x1c  fsl_flash.o [5]
  .rodata            const         0x2b0c    0x1c  fsl_uart.o [5]
  .rodata            const         0x2b28    0x1c  fsl_uart.o [5]
  .text              ro code       0x2b44    0x1c  cstartup_M.o [10]
  .rodata            const         0x2b60    0x14  fsl_spi.o [5]
  .rodata            const         0x2b74    0x14  fsl_spi.o [5]
  .text              ro code       0x2b88    0x14  vac_timer.o [6]
  Initializer bytes  const         0x2b9c    0x10  <for RW-1>
  .rodata            const         0x2bac     0xc  fsl_adapter_uart.o [3]
  .rodata            const         0x2bb8     0xc  fsl_clock.o [5]
  .rodata            const         0x2bc4     0xc  fsl_flash.o [5]
  .rodata            const         0x2bd0     0xc  fsl_gpio.o [5]
  .rodata            const         0x2bdc     0xc  fsl_spi.o [5]
  .rodata            const         0x2be8     0xc  fsl_uart.o [5]
  .rodata            const         0x2bf4     0xc  fsl_uart.o [5]
  .rodata            const         0x2c00     0xc  fsl_uart.o [5]
  .rodata            const         0x2c0c     0xc  fsl_uart.o [5]
  .rodata            const         0x2c18     0x8  fsl_adapter_uart.o [3]
  .rodata            const         0x2c20     0x8  fsl_adapter_uart.o [3]
  .rodata            const         0x2c28     0x8  fsl_adapter_uart.o [3]
  .rodata            const         0x2c30     0x8  fsl_adapter_uart.o [3]
  .rodata            const         0x2c38     0x8  fsl_gpio.o [5]
  .rodata            const         0x2c40     0x8  fsl_spi.o [5]
  .rodata            const         0x2c48     0x8  fsl_spi.o [5]
  .text              ro code       0x2c50     0x8  startup_MKE06Z4.o [7]
  .text              ro code       0x2c58     0x8  startup_MKE06Z4.o [7]
  .text              ro code       0x2c60     0x8  startup_MKE06Z4.o [7]
  .text              ro code       0x2c68     0x8  startup_MKE06Z4.o [7]
  .text              ro code       0x2c70     0x8  startup_MKE06Z4.o [7]
  .text              ro code       0x2c78     0x8  startup_MKE06Z4.o [7]
  .text              ro code       0x2c80     0x8  startup_MKE06Z4.o [7]
  .text              ro code       0x2c88     0x8  startup_MKE06Z4.o [7]
  .text              ro code       0x2c90     0x8  startup_MKE06Z4.o [7]
  .text              ro code       0x2c98     0x8  startup_MKE06Z4.o [7]
  .rodata            const         0x2ca0     0x4  clock_config.o [1]
  .rodata            const         0x2ca4     0x4  clock_config.o [1]
  .rodata            const         0x2ca8     0x2  pin_mux.o [1]
  .rodata            const         0x2caa     0x2  pin_mux.o [1]
  .rodata            const         0x2cac     0x2  pin_mux.o [1]
  .rodata            const         0x2cae     0x2  vac_i2c_soft.o [6]
  .rodata            const         0x2cb0     0x2  vac_i2c_soft.o [6]
  .rodata            const         0x2cb2     0x2  vac_i2c_soft.o [6]
  .text              ro code       0x2cb4     0x2  startup_MKE06Z4.o [7]
  .text              ro code       0x2cb6     0x2  startup_MKE06Z4.o [7]
  .text              ro code       0x2cb8     0x2  startup_MKE06Z4.o [7]
  .text              ro code       0x2cba     0x2  startup_MKE06Z4.o [7]
  .rodata            const         0x2cbc     0x0  zero_init3.o [10]
  .rodata            const         0x2cbc     0x0  copy_init3.o [10]
                                 - 0x2cbc  0x28ac

"P3-P4|P7-P9", part 1 of 2:                  0x10
  RW                          0x1fff'f000    0x10  <Block>
    RW-1                      0x1fff'f000    0x10  <Init block>
      .data          inited   0x1fff'f000     0x4  fsl_clock.o [5]
      .data          inited   0x1fff'f004     0x4  main.o [6]
      .data          inited   0x1fff'f008     0x4  main.o [6]
      .data          inited   0x1fff'f00c     0x4  system_MKE06Z4.o [4]
                            - 0x1fff'f010    0x10

"P3-P4|P7-P9", part 2 of 2:                 0x58c
  ZI                          0x1fff'f010   0x58c  <Block>
    .bss             zero     0x1fff'f010     0x4  fsl_clock.o [5]
    .bss             zero     0x1fff'f014    0x14  fsl_debug_console.o [8]
    .bss             zero     0x1fff'f028     0x4  fsl_flash.o [5]
    .bss             zero     0x1fff'f02c     0x4  fsl_flash.o [5]
    .bss             zero     0x1fff'f030    0x40  fsl_flash.o [5]
    .bss             zero     0x1fff'f070    0x40  fsl_flash.o [5]
    .bss             zero     0x1fff'f0b0     0x8  fsl_spi.o [5]
    .bss             zero     0x1fff'f0b8     0x4  fsl_spi.o [5]
    .bss             zero     0x1fff'f0bc     0x4  fsl_spi.o [5]
    .bss             zero     0x1fff'f0c0     0xc  fsl_uart.o [5]
    .bss             zero     0x1fff'f0cc     0x4  fsl_uart.o [5]
    .bss             zero     0x1fff'f0d0    0x38  main.o [6]
    .bss             zero     0x1fff'f108   0x200  main.o [6]
    .bss             zero     0x1fff'f308   0x200  main.o [6]
    .bss             zero     0x1fff'f508     0x4  main.o [6]
    .bss             zero     0x1fff'f50c     0x4  main.o [6]
    .bss             zero     0x1fff'f510     0x4  main.o [6]
    .bss             zero     0x1fff'f514     0x4  main.o [6]
    .bss             zero     0x1fff'f518     0x4  main.o [6]
    .bss             zero     0x1fff'f51c     0x4  main.o [6]
    .bss             zero     0x1fff'f520     0x4  main.o [6]
    .bss             zero     0x1fff'f524    0x64  vac_uart.o [6]
    .bss             zero     0x1fff'f588    0x10  vac_variables.o [6]
    .bss             zero     0x1fff'f598     0x2  fsl_spi.o [5]
    .bss             zero     0x1fff'f59a     0x1  vac_uart.o [6]
                            - 0x1fff'f59c   0x58c

"P6":                                       0x400
  CSTACK                      0x2000'2c00   0x400  <Block>
    CSTACK           uninit   0x2000'2c00   0x400  <Block tail>
                            - 0x2000'3000   0x400

Unused ranges:

         From           To      Size
         ----           --      ----
        0x1a0        0x1ff      0x60
       0x2cbc     0x1'ffff  0x1'd344
  0x1fff'f59c  0x2000'2bff    0x3664


*******************************************************************************
*** INIT TABLE
***

          Address      Size
          -------      ----
Zero (__iar_zero_init3)
    1 destination range, total size 0x58b:
          0x1fff'f010  0x58b

Copy (__iar_copy_init3)
    1 source range, total size 0x10:
               0x2b9c   0x10
    1 destination range, total size 0x10:
          0x1fff'f000   0x10



*******************************************************************************
*** MODULE SUMMARY
***

    Module               ro code  ro data  rw data
    ------               -------  -------  -------
command line/config:
    ----------------------------------------------
    Total:

C:\Users\Admin M1\Desktop\CodeNampt\BootLD\debug\obj\board: [1]
    board.o                   26
    clock_config.o            92        8
    pin_mux.o                336       24
    ----------------------------------------------
    Total:                   454       32

C:\Users\Admin M1\Desktop\CodeNampt\BootLD\debug\obj\component\lists: [2]
    ----------------------------------------------
    Total:

C:\Users\Admin M1\Desktop\CodeNampt\BootLD\debug\obj\component\uart: [3]
    fsl_adapter_uart.o       476      232
    ----------------------------------------------
    Total:                   476      232

C:\Users\Admin M1\Desktop\CodeNampt\BootLD\debug\obj\device: [4]
    system_MKE06Z4.o          74        4        4
    ----------------------------------------------
    Total:                    74        4        4

C:\Users\Admin M1\Desktop\CodeNampt\BootLD\debug\obj\drivers: [5]
    fsl_clock.o              732       80        8
    fsl_flash.o            1'236       40      136
    fsl_ftm.o                 48
    fsl_gpio.o               328       84
    fsl_port.o               116
    fsl_spi.o                892      232       18
    fsl_uart.o               824      168       16
    ----------------------------------------------
    Total:                 4'176      604      178

C:\Users\Admin M1\Desktop\CodeNampt\BootLD\debug\obj\source: [6]
    main.o                   792        8    1'116
    vac_flash_spi.o          872
    vac_i2c_soft.o           844        6
    vac_timer.o               20
    vac_uart.o                60               101
    vac_variables.o                             16
    ----------------------------------------------
    Total:                 2'588       14    1'233

C:\Users\Admin M1\Desktop\CodeNampt\BootLD\debug\obj\startup: [7]
    startup_MKE06Z4.o        336
    ----------------------------------------------
    Total:                   336

C:\Users\Admin M1\Desktop\CodeNampt\BootLD\debug\obj\utilities: [8]
    fsl_assert.o              28       44
    fsl_debug_console.o    1'098                20
    ----------------------------------------------
    Total:                 1'126       44       20

dl6M_tln.a: [9]
    exit.o                     8
    low_level_init.o           4
    ----------------------------------------------
    Total:                    12

rt6M_tl.a: [10]
    ABImemcpy.o               78
    ABImemset.o               82
    I32DivModFast.o          224
    IntDivZer.o                2
    cexit.o                   10
    cmain.o                   30
    copy_init3.o              48
    cstartup_M.o              28
    data_init.o               40
    strlen.o                  14
    zero_init3.o              60
    ----------------------------------------------
    Total:                   616

shb_l.a: [11]
    exit.o                    20
    ----------------------------------------------
    Total:                    20

    Linker created                     36    1'024
--------------------------------------------------
    Grand Total:           9'878      966    2'459


*******************************************************************************
*** ENTRY LIST
***

Entry                       Address   Size  Type      Object
-----                       -------   ----  ----      ------
.iar.init_table$$Base        0x2a80          --   Gb  - Linker created -
.iar.init_table$$Limit       0x2aa4          --   Gb  - Linker created -
?main                        0x2aa5         Code  Gb  cmain.o [10]
BOARD_BootClockRUN           0x25f5   0x22  Code  Gb  clock_config.o [1]
BOARD_InitBootClocks         0x25ed    0x8  Code  Gb  clock_config.o [1]
BOARD_InitBootPins           0x2485   0x14  Code  Gb  pin_mux.o [1]
BOARD_InitDebugConsole       0x2631   0x1a  Code  Gb  board.o [1]
BOARD_flash_spi              0x2507   0x44  Code  Gb  pin_mux.o [1]
BOARD_gpio_led               0x2499   0x50  Code  Gb  pin_mux.o [1]
BOARD_i2c                    0x254b   0x50  Code  Gb  pin_mux.o [1]
BOARD_rs485                  0x24e9   0x1e  Code  Gb  pin_mux.o [1]
CLOCK_BootToFeiMode          0x1e09    0xe  Code  Gb  fsl_clock.o [5]
CLOCK_EnableClock            0x1319   0x12  Code  Lc  fsl_spi.o [5]
CLOCK_EnableClock             0xfe1   0x12  Code  Lc  fsl_uart.o [5]
CLOCK_GetCoreSysClkFreq
                             0x1c41   0x18  Code  Gb  fsl_clock.o [5]
CLOCK_GetFlashClkFreq        0x1c1b   0x26  Code  Gb  fsl_clock.o [5]
CLOCK_GetFllExtRefClkFreq
                             0x1b87   0x4e  Code  Lc  fsl_clock.o [5]
CLOCK_GetFllFreq             0x1d3d   0x1a  Code  Gb  fsl_clock.o [5]
CLOCK_GetFllRefClkFreq       0x1bd5   0x1e  Code  Lc  fsl_clock.o [5]
CLOCK_GetFreq                0x1c71   0x66  Code  Gb  fsl_clock.o [5]
CLOCK_GetICSExtClkFreq       0x1b6b   0x1c  Code  Lc  fsl_clock.o [5]
CLOCK_GetICSFixedFreqClkFreq
                             0x1d75   0x20  Code  Gb  fsl_clock.o [5]
CLOCK_GetICSOutClkFreq       0x1cf9   0x44  Code  Gb  fsl_clock.o [5]
CLOCK_GetInternalRefClkFreq
                             0x1d57   0x14  Code  Gb  fsl_clock.o [5]
CLOCK_GetOsc0ErClkFreq       0x1bf3   0x28  Code  Gb  fsl_clock.o [5]
CLOCK_GetTimerClkFreq        0x1c59   0x18  Code  Gb  fsl_clock.o [5]
CLOCK_SetFeiMode             0x1dad   0x50  Code  Gb  fsl_clock.o [5]
CLOCK_SetInternalRefClkConfig
                             0x25df    0xe  Code  Lc  clock_config.o [1]
CLOCK_SetOutDiv              0x1b45   0x26  Code  Lc  fsl_clock.o [5]
CLOCK_SetSimConfig           0x1cd7   0x22  Code  Gb  fsl_clock.o [5]
CLOCK_SetSimSafeDivs         0x25d5    0xa  Code  Lc  clock_config.o [1]
CSTACK$$Base            0x2000'2c00          --   Gb  - Linker created -
CSTACK$$Limit           0x2000'3000          --   Gb  - Linker created -
DbgConsole_ConvertRadixNumToString
                              0xa6b   0x78  Code  Lc  fsl_debug_console.o [8]
DbgConsole_Init               0x98d   0x52  Code  Gb  fsl_debug_console.o [8]
DbgConsole_Printf             0x9df   0x1c  Code  Gb  fsl_debug_console.o [8]
DbgConsole_PrintfFormattedData
                              0xae3  0x2f4  Code  Lc  fsl_debug_console.o [8]
DbgConsole_PrintfPaddingCharacter
                              0xa49   0x22  Code  Lc  fsl_debug_console.o [8]
DbgConsole_Putchar            0xa1d   0x1c  Code  Gb  fsl_debug_console.o [8]
DbgConsole_Vprintf            0x9fb   0x22  Code  Gb  fsl_debug_console.o [8]
FLASH_Erase                   0x4df   0xbc  Code  Gb  fsl_flash.o [5]
FLASH_Init                    0x411   0xa4  Code  Gb  fsl_flash.o [5]
FLASH_PrepareExecuteInRamFunctions
                              0x4b5   0x2a  Code  Gb  fsl_flash.o [5]
FLASH_Program                 0x59b   0xe2  Code  Gb  fsl_flash.o [5]
FLASH_SetProperty             0x695   0x46  Code  Gb  fsl_flash.o [5]
FTM2_IRQHandler              0x2b89    0xe  Code  Gb  vac_timer.o [6]
FTM_ClearStatusFlags         0x2959   0x30  Code  Gb  fsl_ftm.o [5]
GPIO_PinInit                 0x19fd   0xc0  Code  Gb  fsl_gpio.o [5]
GPIO_PinWrite                0x1abd   0x54  Code  Gb  fsl_gpio.o [5]
GPIO_PortToggle              0x1b11   0x28  Code  Gb  fsl_gpio.o [5]
HAL_UartGetStatus             0xdd9   0x10  Code  Lc  fsl_adapter_uart.o [3]
HAL_UartInit                  0xde9   0xe2  Code  Gb  fsl_adapter_uart.o [3]
HAL_UartReceiveBlocking
                              0xecb   0x64  Code  Gb  fsl_adapter_uart.o [3]
HAL_UartSendBlocking          0xf2f   0x60  Code  Gb  fsl_adapter_uart.o [3]
Im_Num                  0x1fff'f51c    0x4  Data  Gb  main.o [6]
PORT_SetPinSelect            0x264d   0x62  Code  Gb  fsl_port.o [5]
RW$$Base                0x1fff'f000          --   Gb  - Linker created -
RW$$Limit               0x1fff'f010          --   Gb  - Linker created -
Re_Num                  0x1fff'f518    0x4  Data  Gb  main.o [6]
Region$$Table$$Base          0x2a80          --   Gb  - Linker created -
Region$$Table$$Limit         0x2aa4          --   Gb  - Linker created -
Reset_Handler                0x2a0d         Code  Wk  startup_MKE06Z4.o [7]
SPI0_DriverIRQHandler        0x1625   0x22  Code  Gb  fsl_spi.o [5]
SPI1_DriverIRQHandler        0x1649   0x22  Code  Gb  fsl_spi.o [5]
SPI_CommonIRQHandler         0x15f5   0x30  Code  Lc  fsl_spi.o [5]
SPI_GetInstance              0x132b   0x30  Code  Gb  fsl_spi.o [5]
SPI_MasterGetDefaultConfig
                             0x13cb   0x36  Code  Gb  fsl_spi.o [5]
SPI_MasterInit               0x1401   0xba  Code  Gb  fsl_spi.o [5]
SPI_MasterSetBaudRate        0x14d5   0x7e  Code  Gb  fsl_spi.o [5]
SPI_MasterTransferBlocking
                             0x155d   0x86  Code  Gb  fsl_spi.o [5]
SPI_ReadData                 0x1553    0xa  Code  Gb  fsl_spi.o [5]
SPI_ReadNonBlocking          0x139f   0x2c  Code  Lc  fsl_spi.o [5]
SPI_SetDummyData             0x135b   0x12  Code  Gb  fsl_spi.o [5]
SPI_WriteNonBlocking         0x136d   0x32  Code  Lc  fsl_spi.o [5]
SysTick_Handler              0x2181    0x6  Code  Gb  main.o [6]
SystemCoreClock         0x1fff'f00c    0x4  Data  Gb  system_MKE06Z4.o [4]
SystemInit                   0x2759   0x2c  Code  Gb  system_MKE06Z4.o [4]
UART0_DriverIRQHandler       0x12e5   0x10  Code  Gb  fsl_uart.o [5]
UART1_DriverIRQHandler       0x12f7   0x10  Code  Gb  fsl_uart.o [5]
UART2_IRQHandler             0x28e5   0x2a  Code  Gb  vac_uart.o [6]
UART_ClearStatusFlags        0x11b5   0x32  Code  Gb  fsl_uart.o [5]
UART_GetDefaultConfig        0x1153   0x44  Code  Gb  fsl_uart.o [5]
UART_GetInstance              0xff3   0x32  Code  Gb  fsl_uart.o [5]
UART_GetStatusFlags          0x11a9    0xc  Code  Gb  fsl_uart.o [5]
UART_Init                    0x1025  0x12e  Code  Gb  fsl_uart.o [5]
UART_ReadBlocking            0x121d   0xaa  Code  Gb  fsl_uart.o [5]
UART_ReadByte                0x28e1    0x4  Code  Lc  vac_uart.o [6]
UART_WriteBlocking           0x11f1   0x24  Code  Gb  fsl_uart.o [5]
ZI$$Base                0x1fff'f010          --   Gb  - Linker created -
ZI$$Limit               0x1fff'f59c          --   Gb  - Linker created -
__NVIC_SystemReset           0x216d   0x14  Code  Lc  main.o [6]
__Vectors                       0x0          --   Gb  startup_MKE06Z4.o [7]
__Vectors_End                  0xc0         Data  Gb  startup_MKE06Z4.o [7]
__Vectors_Size {Abs}           0xc0          --   Gb  startup_MKE06Z4.o [7]
__aeabi_assert                0xfc5   0x1c  Code  Gb  fsl_assert.o [8]
__aeabi_idiv                   0xed         Code  Gb  I32DivModFast.o [10]
__aeabi_idiv0                 0x989         Code  Gb  IntDivZer.o [10]
__aeabi_idivmod                0xed         Code  Gb  I32DivModFast.o [10]
__aeabi_memclr4               0x955         Code  Gb  ABImemset.o [10]
__aeabi_memclr8               0x955         Code  Gb  ABImemset.o [10]
__aeabi_memcpy                0x919         Code  Gb  ABImemcpy.o [10]
__aeabi_memcpy4               0x8e5         Code  Gb  ABImemcpy.o [10]
__aeabi_memcpy8               0x8e5         Code  Gb  ABImemcpy.o [10]
__aeabi_memset                0x935         Code  Gb  ABImemset.o [10]
__aeabi_uidiv                  0xf3         Code  Gb  I32DivModFast.o [10]
__aeabi_uidivmod               0xf3         Code  Gb  I32DivModFast.o [10]
__cmain                      0x2aa5         Code  Gb  cmain.o [10]
__exit                       0x2add   0x14  Code  Gb  exit.o [11]
__iar_Memcpy                  0x925         Code  Gb  ABImemcpy.o [10]
__iar_Memset4_word            0x959         Code  Gb  ABImemset.o [10]
__iar_Memset_word             0x941         Code  Gb  ABImemset.o [10]
__iar_copy_init3             0x2989   0x30  Code  Gb  copy_init3.o [10]
__iar_data_init3             0x2a35   0x28  Code  Gb  data_init.o [10]
__iar_program_start          0x2b45         Code  Gb  cstartup_M.o [10]
__iar_zero_init3             0x291d   0x3c  Code  Gb  zero_init3.o [10]
__low_level_init             0x2ac3    0x4  Code  Gb  low_level_init.o [9]
__vector_table                  0x0         Data  Gb  startup_MKE06Z4.o [7]
__vector_table_0x1c            0x1c         Data  Gb  startup_MKE06Z4.o [7]
_call_main                   0x2ab1         Code  Gb  cmain.o [10]
_exit                        0x2ad1         Code  Gb  cexit.o [10]
buf_test                0x1fff'f524   0x64  Data  Gb  vac_uart.o [6]
buff_cnt                0x1fff'f59a    0x1  Data  Gb  vac_uart.o [6]
callFlashCommonBitOperation
                        0x1fff'f02c    0x4  Data  Lc  fsl_flash.o [5]
callFlashRunCommand     0x1fff'f028    0x4  Data  Lc  fsl_flash.o [5]
copy_flash_common_bit_operation
                              0x79b   0x1e  Code  Lc  fsl_flash.o [5]
copy_flash_run_command        0x6db   0x1a  Code  Lc  fsl_flash.o [5]
current_pos             0x1fff'f50c    0x4  Data  Gb  main.o [6]
des_position            0x1fff'f008    0x4  Data  Gb  main.o [6]
error_trap                   0x2481    0x4  Code  Lc  main.o [6]
exit                         0x2ac7    0x8  Code  Gb  exit.o [9]
flash_cache_clear             0x7d3    0xe  Code  Gb  fsl_flash.o [5]
flash_cache_clear_process
                              0x7e1   0x22  Code  Lc  fsl_flash.o [5]
flash_check_execute_in_ram_function_info
                              0x803   0x22  Code  Lc  fsl_flash.o [5]
flash_check_range             0x825   0x3a  Code  Lc  fsl_flash.o [5]
flash_check_user_key          0x8ab   0x12  Code  Lc  fsl_flash.o [5]
flash_chip_select_spi1       0x16d3   0x38  Code  Lc  vac_flash_spi.o [6]
flash_command_sequence        0x711   0x54  Code  Lc  fsl_flash.o [5]
flash_common_bit_operation_command_sequence
                              0x765   0x36  Code  Lc  fsl_flash.o [5]
flash_get_matched_operation_info
                              0x85f   0x4c  Code  Lc  fsl_flash.o [5]
flash_read_buffer            0x1999   0x64  Code  Gb  vac_flash_spi.o [6]
flash_set_command             0x6f5   0x1c  Code  Gb  fsl_flash.o [5]
flash_wait_for_write_end
                             0x175b   0x38  Code  Lc  vac_flash_spi.o [6]
flash_write_buffer           0x1803  0x196  Code  Gb  vac_flash_spi.o [6]
flash_write_byte             0x170b   0x30  Code  Lc  vac_flash_spi.o [6]
flash_write_enable           0x173b   0x20  Code  Lc  vac_flash_spi.o [6]
flash_write_page             0x1793   0x70  Code  Gb  vac_flash_spi.o [6]
g_buffer_flashEX        0x1fff'f308  0x200  Data  Gb  main.o [6]
g_spiDummyData          0x1fff'f598    0x2  Data  Gb  fsl_spi.o [5]
g_systickCounter        0x1fff'f508    0x4  Data  Gb  main.o [6]
g_xtal0Freq             0x1fff'f010    0x4  Data  Gb  fsl_clock.o [5]
hardwawre_init               0x2203   0x10  Code  Lc  main.o [6]
i                       0x1fff'f510    0x4  Data  Gb  main.o [6]
i2c_delay_us                 0x1eed   0x1a  Code  Lc  vac_i2c_soft.o [6]
i2c_init                     0x1f07   0x3c  Code  Gb  vac_i2c_soft.o [6]
i2c_scl_pin_off              0x1ed7   0x16  Code  Lc  vac_i2c_soft.o [6]
i2c_scl_pin_on               0x1ec1   0x16  Code  Lc  vac_i2c_soft.o [6]
i2c_scl_pin_output           0x1e6b   0x1e  Code  Lc  vac_i2c_soft.o [6]
i2c_sda_pin                  0x1e21   0x4a  Code  Lc  vac_i2c_soft.o [6]
i2c_sda_pin_off              0x1eab   0x16  Code  Lc  vac_i2c_soft.o [6]
i2c_sda_pin_on               0x1e95   0x16  Code  Lc  vac_i2c_soft.o [6]
i2c_start                    0x1f43   0x5e  Code  Gb  vac_i2c_soft.o [6]
i2c_stop                     0x1fa1   0x4e  Code  Gb  vac_i2c_soft.o [6]
i2c_write                    0x1fef   0x90  Code  Gb  vac_i2c_soft.o [6]
icsConfig_BOARD_BootClockRUN
                             0x2ca0    0x4  Data  Gb  clock_config.o [1]
init_flash                   0x1695   0x3e  Code  Gb  vac_flash_spi.o [6]
init_rtc                     0x213b   0x32  Code  Gb  vac_i2c_soft.o [6]
j                       0x1fff'f514    0x4  Data  Gb  main.o [6]
main                         0x2187   0x7c  Code  Gb  main.o [6]
mcm_flash_cache_clear         0x7b9   0x1a  Code  Gb  fsl_flash.o [5]
positionFirm            0x1fff'f004    0x4  Data  Gb  main.o [6]
rtc_enable_charge            0x20f7   0x44  Code  Lc  vac_i2c_soft.o [6]
s_UartAdapterBase            0x2bac    0xc  Data  Lc  fsl_adapter_uart.o [3]
s_buffer                0x1fff'f108  0x200  Data  Lc  main.o [6]
s_debugConsole          0x1fff'f014   0x14  Data  Lc  fsl_debug_console.o [8]
s_flashCommonBitOperation
                        0x1fff'f070   0x40  Data  Lc  fsl_flash.o [5]
s_flashCommonBitOperationFunctionCode
                             0x2af0   0x1c  Data  Lc  fsl_flash.o [5]
s_flashDriver           0x1fff'f0d0   0x38  Data  Lc  main.o [6]
s_flashRunCommand       0x1fff'f030   0x40  Data  Lc  fsl_flash.o [5]
s_flashRunCommandFunctionCode
                             0x2bc4    0xc  Data  Lc  fsl_flash.o [5]
s_gpioBases                  0x2bd0    0xc  Data  Lc  fsl_gpio.o [5]
s_slowIrcFreq           0x1fff'f000    0x4  Data  Lc  fsl_clock.o [5]
s_spiBases                   0x2c40    0x8  Data  Lc  fsl_spi.o [5]
s_spiClock                   0x2c48    0x8  Data  Lc  fsl_spi.o [5]
s_spiHandle             0x1fff'f0b0    0x8  Data  Lc  fsl_spi.o [5]
s_spiMasterIsr          0x1fff'f0b8    0x4  Data  Lc  fsl_spi.o [5]
s_spiSlaveIsr           0x1fff'f0bc    0x4  Data  Lc  fsl_spi.o [5]
s_uartBases                  0x2c00    0xc  Data  Lc  fsl_uart.o [5]
s_uartClock                  0x2c0c    0xc  Data  Lc  fsl_uart.o [5]
s_uartHandle            0x1fff'f0c0    0xc  Data  Gb  fsl_uart.o [5]
s_uartIsr               0x1fff'f0cc    0x4  Data  Gb  fsl_uart.o [5]
simConfig_BOARD_BootClockRUN
                             0x2ca4    0x4  Data  Gb  clock_config.o [1]
software_init                0x2213   0x1a  Code  Lc  main.o [6]
strlen                        0xfb5         Code  Gb  strlen.o [10]
sys_boot                     0x222d  0x1da  Code  Lc  main.o [6]
sys_jumpApp                  0x2407   0x26  Code  Lc  main.o [6]
sys_jumpApp::farewellBootloader
                        0x1fff'f520    0x4  Data  Lc  main.o [6]
system_var              0x1fff'f588   0x10  Data  Gb  vac_variables.o [6]
write_rtc                    0x207f   0x78  Code  Gb  vac_i2c_soft.o [6]


[1] = C:\Users\Admin M1\Desktop\CodeNampt\BootLD\debug\obj\board
[2] = C:\Users\Admin M1\Desktop\CodeNampt\BootLD\debug\obj\component\lists
[3] = C:\Users\Admin M1\Desktop\CodeNampt\BootLD\debug\obj\component\uart
[4] = C:\Users\Admin M1\Desktop\CodeNampt\BootLD\debug\obj\device
[5] = C:\Users\Admin M1\Desktop\CodeNampt\BootLD\debug\obj\drivers
[6] = C:\Users\Admin M1\Desktop\CodeNampt\BootLD\debug\obj\source
[7] = C:\Users\Admin M1\Desktop\CodeNampt\BootLD\debug\obj\startup
[8] = C:\Users\Admin M1\Desktop\CodeNampt\BootLD\debug\obj\utilities
[9] = dl6M_tln.a
[10] = rt6M_tl.a
[11] = shb_l.a

  9'878 bytes of readonly  code memory
    966 bytes of readonly  data memory
  2'459 bytes of readwrite data memory

Errors: none
Warnings: none
