###############################################################################
#
# IAR ELF Linker V9.20.4.327/W64 for ARM                  17/Jul/2023  17:40:03
# Copyright 2007-2022 IAR Systems AB.
#
#    Output file  =  F:\10. VAC\1. VAC_BOOT\debug\Bootloader.out
#    Map file     =  F:\10. VAC\1. VAC_BOOT\debug\list\Bootloader.map
#    Command line =
#        -f "F:\10. VAC\1. VAC_BOOT\debug\Bootloader.out.rsp" ("F:\10. VAC\1.
#        VAC_BOOT\debug\obj\board\board.o" "F:\10. VAC\1.
#        VAC_BOOT\debug\obj\board\clock_config.o" "F:\10. VAC\1.
#        VAC_BOOT\debug\obj\source\crc32_cal.o" "F:\10. VAC\1.
#        VAC_BOOT\debug\obj\component\uart\fsl_adapter_uart.o" "F:\10. VAC\1.
#        VAC_BOOT\debug\obj\utilities\fsl_assert.o" "F:\10. VAC\1.
#        VAC_BOOT\debug\obj\drivers\fsl_clock.o" "F:\10. VAC\1.
#        VAC_BOOT\debug\obj\drivers\fsl_common.o" "F:\10. VAC\1.
#        VAC_BOOT\debug\obj\drivers\fsl_common_arm.o" "F:\10. VAC\1.
#        VAC_BOOT\debug\obj\component\lists\fsl_component_generic_list.o"
#        "F:\10. VAC\1. VAC_BOOT\debug\obj\utilities\fsl_debug_console.o"
#        "F:\10. VAC\1. VAC_BOOT\debug\obj\drivers\fsl_flash.o" "F:\10. VAC\1.
#        VAC_BOOT\debug\obj\drivers\fsl_ftm.o" "F:\10. VAC\1.
#        VAC_BOOT\debug\obj\drivers\fsl_gpio.o" "F:\10. VAC\1.
#        VAC_BOOT\debug\obj\drivers\fsl_port.o" "F:\10. VAC\1.
#        VAC_BOOT\debug\obj\drivers\fsl_spi.o" "F:\10. VAC\1.
#        VAC_BOOT\debug\obj\drivers\fsl_uart.o" "F:\10. VAC\1.
#        VAC_BOOT\debug\obj\source\main.o" "F:\10. VAC\1.
#        VAC_BOOT\debug\obj\board\pin_mux.o" "F:\10. VAC\1.
#        VAC_BOOT\debug\obj\startup\startup_MKE06Z4.o" "F:\10. VAC\1.
#        VAC_BOOT\debug\obj\device\system_MKE06Z4.o" "F:\10. VAC\1.
#        VAC_BOOT\debug\obj\source\vac_flash_spi.o" "F:\10. VAC\1.
#        VAC_BOOT\debug\obj\source\vac_i2c_soft.o" "F:\10. VAC\1.
#        VAC_BOOT\debug\obj\source\vac_rs485.o" "F:\10. VAC\1.
#        VAC_BOOT\debug\obj\source\vac_timer.o" "F:\10. VAC\1.
#        VAC_BOOT\debug\obj\source\vac_uart.o" "F:\10. VAC\1.
#        VAC_BOOT\debug\obj\source\vac_variables.o" --redirect
#        _Printf=_PrintfSmallNoMb --redirect _Scanf=_ScanfSmallNoMb
#        --no_out_extension -o "F:\10. VAC\1. VAC_BOOT\debug\Bootloader.out"
#        --map "F:\10. VAC\1. VAC_BOOT\debug\list\Bootloader.map" --config
#        "F:\10. VAC\1. VAC_BOOT/MKE06Z4/iar/MKE06Z128xxx4_flash.icf"
#        --semihosting --entry Reset_Handler --vfe --text_out locale)
#
###############################################################################

*******************************************************************************
*** RUNTIME MODEL ATTRIBUTES
***

CppFlavor       = *
__CPP_Runtime   = 1
__Heap_Handler  = DLMalloc
__SystemLibrary = DLib
__dlib_version  = 6


*******************************************************************************
*** HEAP SELECTION
***

The advanced heap was selected because the application calls memory
allocation functions outside of system library functions, and there
are calls to deallocation functions in the application.


*******************************************************************************
*** PLACEMENT SUMMARY
***

"A0":  place at address 0xc000 { ro section .intvec };
"P1":  place in [from 0xc400 to 0xc40f] { section FlashConfig };
"P2":  place in [from 0xc000 to 0xc1ff] |
                [from 0xc410 to 0x1'ffff] { ro };
define block RW { rw };
"P3":  place in [from 0x1fff'f000 to 0x2000'2bff] { block RW };
define block ZI { zi };
"P4":  place in [from 0x1fff'f000 to 0x2000'2bff] { block ZI };
define block NCACHE_VAR { section NonCacheable, section NonCacheable.init };
"P7":  place in [from 0x1fff'f000 to 0x2000'2bff] { block NCACHE_VAR };
define block QACCESS_CODE { section CodeQuickAccess };
"P8":  place in [from 0x1fff'f000 to 0x2000'2bff] { block QACCESS_CODE };
define block QACCESS_DATA { section DataQuickAccess };
"P9":  place in [from 0x1fff'f000 to 0x2000'2bff] { block QACCESS_DATA };
define block CSTACK with size = 1K, alignment = 8 { };
"P6":  place in [from 0x2000'2c00 to 0x2000'2fff] { block CSTACK };
initialize by copy {
   rw, section .textrw, section CodeQuickAccess, section DataQuickAccess };

No sections matched the following patterns:

  section CodeQuickAccess    in block QACCESS_CODE
  section DataQuickAccess    in block QACCESS_DATA
  section NonCacheable       in block NCACHE_VAR
  section NonCacheable.init  in block NCACHE_VAR


  Section            Kind         Address    Size  Object
  -------            ----         -------    ----  ------
"A0":                                        0xc0
  .intvec            ro code       0xc000    0xc0  startup_MKE06Z4.o [7]
                                 - 0xc0c0    0xc0

"P2", part 1 of 2:                           0xe6
  .text              ro code       0xc0c0    0x4e  ABImemcpy.o [10]
  Initializer bytes  const         0xc10e    0x98  <for RW-1>
                                 - 0xc1a6    0xe6

"P1":                                        0x10
  FlashConfig        ro code       0xc400    0x10  startup_MKE06Z4.o [7]
                                 - 0xc410    0x10

"P2", part 2 of 2:                         0x2a12
  .text              ro code       0xc410   0x4d4  fsl_flash.o [5]
  .text              ro code       0xc8e4    0xe0  I32DivModFast.o [10]
  .rodata            const         0xc9c4     0x2  pin_mux.o [1]
  .text              ro code       0xc9c8    0x52  ABImemset.o [10]
  .rodata            const         0xca1a     0x2  pin_mux.o [1]
  .text              ro code       0xca1c     0x2  IntDivZer.o [10]
  .rodata            const         0xca1e     0x2  pin_mux.o [1]
  .text              ro code       0xca20   0x44a  fsl_debug_console.o [8]
  .rodata            const         0xce6a     0x2  pin_mux.o [1]
  .text              ro code       0xce6c   0x1dc  fsl_adapter_uart.o [3]
  .text              ro code       0xd048     0xe  strlen.o [10]
  .rodata            const         0xd056     0x2  pin_mux.o [1]
  .text              ro code       0xd058    0x1c  fsl_assert.o [8]
  .text              ro code       0xd074   0x338  fsl_uart.o [5]
  .text              ro code       0xd3ac   0x3b6  vac_flash_spi.o [6]
  .rodata            const         0xd762     0x2  pin_mux.o [1]
  .text              ro code       0xd764   0x120  fsl_gpio.o [5]
  .text              ro code       0xd884   0x37c  fsl_spi.o [5]
  .text              ro code       0xdc00   0x2dc  fsl_clock.o [5]
  .text              ro code       0xdedc   0x34c  vac_i2c_soft.o [6]
  .text              ro code       0xe228   0x256  main.o [6]
  .rodata            const         0xe47e     0x2  pin_mux.o [1]
  .text              ro code       0xe480   0x150  pin_mux.o [1]
  .text              ro code       0xe5d0    0x5c  clock_config.o [1]
  .text              ro code       0xe62c    0x1a  board.o [1]
  .rodata            const         0xe646     0x2  pin_mux.o [1]
  .text              ro code       0xe648    0x10  crc32_cal.o [6]
  .text              ro code       0xe658    0x74  fsl_port.o [5]
  .text              ro code       0xe6cc   0x1f0  lz77_init.o [10]
  .text              ro code       0xe8bc     0xa  abort.o [9]
  .rodata            const         0xe8c6     0x2  pin_mux.o [1]
  .text              ro code       0xe8c8    0x14  exit.o [11]
  .rodata            const         0xe8dc    0x48  fsl_adapter_uart.o [3]
  .text              ro code       0xe924    0x48  system_MKE06Z4.o [4]
  .text              ro code       0xe96c     0x2  system_MKE06Z4.o [4]
  .rodata            const         0xe96e     0x2  pin_mux.o [1]
  .rodata            const         0xe970    0x3c  fsl_adapter_uart.o [3]
  .rodata            const         0xe9ac    0x3c  fsl_spi.o [5]
  .text              ro code       0xe9e8    0x3c  vac_uart.o [6]
  .text              ro code       0xea24    0x3c  zero_init3.o [10]
  .text              ro code       0xea60    0x30  fsl_ftm.o [5]
  .rodata            const         0xea90    0x2c  fsl_assert.o [8]
  .rodata            const         0xeabc    0x2c  fsl_clock.o [5]
  .rodata            const         0xeae8    0x2c  fsl_gpio.o [5]
  .rodata            const         0xeb14    0x2c  fsl_spi.o [5]
  .rodata            const         0xeb40    0x2c  fsl_uart.o [5]
  .rodata            const         0xeb6c    0x28  fsl_spi.o [5]
  .text              ro code       0xeb94    0x28  startup_MKE06Z4.o [7]
  .text              ro code       0xebbc    0x28  data_init.o [10]
  .rodata            const         0xebe4    0x24  fsl_adapter_uart.o [3]
  .iar.init_table    const         0xec08    0x2c  - Linker created -
  .text              ro code       0xec34    0x1e  cmain.o [10]
  .text              ro code       0xec52     0x4  low_level_init.o [9]
  .text              ro code       0xec56     0x8  exit.o [9]
  .rodata            const         0xec5e     0x2  pin_mux.o [1]
  .text              ro code       0xec60     0xa  cexit.o [10]
  .rodata            const         0xec6a     0x2  pin_mux.o [1]
  .rodata            const         0xec6c    0x1c  fsl_flash.o [5]
  .rodata            const         0xec88    0x1c  fsl_uart.o [5]
  .rodata            const         0xeca4    0x1c  fsl_uart.o [5]
  .text              ro code       0xecc0    0x1c  cstartup_M.o [10]
  .rodata            const         0xecdc    0x14  fsl_spi.o [5]
  .rodata            const         0xecf0    0x14  fsl_spi.o [5]
  .text              ro code       0xed04    0x14  vac_timer.o [6]
  .rodata            const         0xed18     0xc  fsl_adapter_uart.o [3]
  .rodata            const         0xed24     0xc  fsl_clock.o [5]
  .rodata            const         0xed30     0xc  fsl_flash.o [5]
  .rodata            const         0xed3c     0xc  fsl_gpio.o [5]
  .rodata            const         0xed48     0xc  fsl_spi.o [5]
  .rodata            const         0xed54     0xc  fsl_uart.o [5]
  .rodata            const         0xed60     0xc  fsl_uart.o [5]
  .rodata            const         0xed6c     0xc  fsl_uart.o [5]
  .rodata            const         0xed78     0xc  fsl_uart.o [5]
  .rodata            const         0xed84     0x8  fsl_adapter_uart.o [3]
  .rodata            const         0xed8c     0x8  fsl_adapter_uart.o [3]
  .rodata            const         0xed94     0x8  fsl_adapter_uart.o [3]
  .rodata            const         0xed9c     0x8  fsl_adapter_uart.o [3]
  .rodata            const         0xeda4     0x8  fsl_gpio.o [5]
  .rodata            const         0xedac     0x8  fsl_spi.o [5]
  .rodata            const         0xedb4     0x8  fsl_spi.o [5]
  .text              ro code       0xedbc     0x8  startup_MKE06Z4.o [7]
  .text              ro code       0xedc4     0x8  startup_MKE06Z4.o [7]
  .text              ro code       0xedcc     0x8  startup_MKE06Z4.o [7]
  .text              ro code       0xedd4     0x8  startup_MKE06Z4.o [7]
  .text              ro code       0xeddc     0x8  startup_MKE06Z4.o [7]
  .text              ro code       0xede4     0x8  startup_MKE06Z4.o [7]
  .text              ro code       0xedec     0x8  startup_MKE06Z4.o [7]
  .text              ro code       0xedf4     0x8  startup_MKE06Z4.o [7]
  .text              ro code       0xedfc     0x8  startup_MKE06Z4.o [7]
  .text              ro code       0xee04     0x8  startup_MKE06Z4.o [7]
  .rodata            const         0xee0c     0x4  clock_config.o [1]
  .rodata            const         0xee10     0x4  clock_config.o [1]
  .rodata            const         0xee14     0x2  vac_i2c_soft.o [6]
  .rodata            const         0xee16     0x2  vac_i2c_soft.o [6]
  .rodata            const         0xee18     0x2  vac_i2c_soft.o [6]
  .text              ro code       0xee1a     0x2  startup_MKE06Z4.o [7]
  .text              ro code       0xee1c     0x2  startup_MKE06Z4.o [7]
  .text              ro code       0xee1e     0x2  startup_MKE06Z4.o [7]
  .text              ro code       0xee20     0x2  startup_MKE06Z4.o [7]
  .rodata            const         0xee22     0x0  zero_init3.o [10]
  .rodata            const         0xee22     0x0  lz77_init.o [10]
                                 - 0xee22  0x2a12

"P3-P4|P7-P9", part 1 of 2:                 0x40a
  RW                          0x1fff'f000   0x40a  <Block>
    RW-1                      0x1fff'f000   0x40a  <Init block>
      .data          inited   0x1fff'f000     0x4  fsl_clock.o [5]
      .data          inited   0x1fff'f004   0x400  main.o [6]
      .data          inited   0x1fff'f404     0x4  system_MKE06Z4.o [4]
      .data          inited   0x1fff'f408     0x1  main.o [6]
      .data          inited   0x1fff'f409     0x1  main.o [6]
                            - 0x1fff'f40a   0x40a

"P3-P4|P7-P9", part 2 of 2:                 0x774
  ZI                          0x1fff'f40c   0x774  <Block>
    .bss             zero     0x1fff'f40c     0x4  crc32_cal.o [6]
    .bss             zero     0x1fff'f410     0x4  fsl_clock.o [5]
    .bss             zero     0x1fff'f414    0x14  fsl_debug_console.o [8]
    .bss             zero     0x1fff'f428     0x4  fsl_flash.o [5]
    .bss             zero     0x1fff'f42c     0x4  fsl_flash.o [5]
    .bss             zero     0x1fff'f430    0x40  fsl_flash.o [5]
    .bss             zero     0x1fff'f470    0x40  fsl_flash.o [5]
    .bss             zero     0x1fff'f4b0     0x8  fsl_spi.o [5]
    .bss             zero     0x1fff'f4b8     0x4  fsl_spi.o [5]
    .bss             zero     0x1fff'f4bc     0x4  fsl_spi.o [5]
    .bss             zero     0x1fff'f4c0     0xc  fsl_uart.o [5]
    .bss             zero     0x1fff'f4cc     0x4  fsl_uart.o [5]
    .bss             zero     0x1fff'f4d0    0x38  main.o [6]
    .bss             zero     0x1fff'f508   0x200  main.o [6]
    .bss             zero     0x1fff'f708   0x200  main.o [6]
    .bss             zero     0x1fff'f908   0x200  main.o [6]
    .bss             zero     0x1fff'fb08     0x4  main.o [6]
    .bss             zero     0x1fff'fb0c    0x64  vac_uart.o [6]
    .bss             zero     0x1fff'fb70     0xc  vac_variables.o [6]
    .bss             zero     0x1fff'fb7c     0x2  fsl_spi.o [5]
    .bss             zero     0x1fff'fb7e     0x1  vac_uart.o [6]
                            - 0x1fff'fb80   0x774

"P6":                                       0x400
  CSTACK                      0x2000'2c00   0x400  <Block>
    CSTACK           uninit   0x2000'2c00   0x400  <Block tail>
                            - 0x2000'3000   0x400

Unused ranges:

         From           To      Size
         ----           --      ----
       0xc1a6       0xc1ff      0x5a
       0xee22     0x1'ffff  0x1'11de
  0x1fff'f40a  0x1fff'f40b       0x2
  0x1fff'fb80  0x2000'2bff    0x3080


*******************************************************************************
*** INIT TABLE
***

          Address      Size
          -------      ----
Zero (__iar_zero_init3)
    1 destination range, total size 0x773:
          0x1fff'f40c  0x773

Copy/lz77 (__iar_lz77_init3)
    1 source range, total size 0x98 (14% of destination):
               0xc10e   0x98
    1 destination range, total size 0x40a:
          0x1fff'f000  0x40a



*******************************************************************************
*** MODULE SUMMARY
***

    Module               ro code  ro data  rw data
    ------               -------  -------  -------
command line/config:
    ----------------------------------------------
    Total:

F:\10. VAC\1. VAC_BOOT\debug\obj\board: [1]
    board.o                   26
    clock_config.o            92        8
    pin_mux.o                336       24
    ----------------------------------------------
    Total:                   454       32

F:\10. VAC\1. VAC_BOOT\debug\obj\component\lists: [2]
    ----------------------------------------------
    Total:

F:\10. VAC\1. VAC_BOOT\debug\obj\component\uart: [3]
    fsl_adapter_uart.o       476      212
    ----------------------------------------------
    Total:                   476      212

F:\10. VAC\1. VAC_BOOT\debug\obj\device: [4]
    system_MKE06Z4.o          74                 4
    ----------------------------------------------
    Total:                    74                 4

F:\10. VAC\1. VAC_BOOT\debug\obj\drivers: [5]
    fsl_clock.o              732       56        8
    fsl_flash.o            1'236       40      136
    fsl_ftm.o                 48
    fsl_gpio.o               288       64
    fsl_port.o               116
    fsl_spi.o                892      212       18
    fsl_uart.o               824      148       16
    ----------------------------------------------
    Total:                 4'136      520      178

F:\10. VAC\1. VAC_BOOT\debug\obj\source: [6]
    crc32_cal.o               16                 4
    main.o                   598      152    2'622
    vac_flash_spi.o          950
    vac_i2c_soft.o           844        6
    vac_timer.o               20
    vac_uart.o                60               101
    vac_variables.o                             12
    ----------------------------------------------
    Total:                 2'488      158    2'739

F:\10. VAC\1. VAC_BOOT\debug\obj\startup: [7]
    startup_MKE06Z4.o        336
    ----------------------------------------------
    Total:                   336

F:\10. VAC\1. VAC_BOOT\debug\obj\utilities: [8]
    fsl_assert.o              28       44
    fsl_debug_console.o    1'098                20
    ----------------------------------------------
    Total:                 1'126       44       20

dl6M_tln.a: [9]
    abort.o                   10
    exit.o                     8
    low_level_init.o           4
    ----------------------------------------------
    Total:                    22

rt6M_tl.a: [10]
    ABImemcpy.o               78
    ABImemset.o               82
    I32DivModFast.o          224
    IntDivZer.o                2
    cexit.o                   10
    cmain.o                   30
    cstartup_M.o              28
    data_init.o               40
    lz77_init.o              496
    strlen.o                  14
    zero_init3.o              60
    ----------------------------------------------
    Total:                 1'064

shb_l.a: [11]
    exit.o                    20
    ----------------------------------------------
    Total:                    20

    Gaps                       2
    Linker created                     44    1'024
--------------------------------------------------
    Grand Total:          10'198    1'010    3'965


*******************************************************************************
*** ENTRY LIST
***

Entry                       Address   Size  Type      Object
-----                       -------   ----  ----      ------
.iar.init_table$$Base        0xec08          --   Gb  - Linker created -
.iar.init_table$$Limit       0xec34          --   Gb  - Linker created -
?main                        0xec35         Code  Gb  cmain.o [10]
BOARD_BootClockRUN           0xe5f1   0x22  Code  Gb  clock_config.o [1]
BOARD_InitBootClocks         0xe5e9    0x8  Code  Gb  clock_config.o [1]
BOARD_InitBootPins           0xe481   0x14  Code  Gb  pin_mux.o [1]
BOARD_InitDebugConsole       0xe62d   0x1a  Code  Gb  board.o [1]
BOARD_flash_spi              0xe503   0x44  Code  Gb  pin_mux.o [1]
BOARD_gpio_led               0xe495   0x50  Code  Gb  pin_mux.o [1]
BOARD_i2c                    0xe547   0x50  Code  Gb  pin_mux.o [1]
BOARD_rs485                  0xe4e5   0x1e  Code  Gb  pin_mux.o [1]
CLOCK_BootToFeiMode          0xdec5    0xe  Code  Gb  fsl_clock.o [5]
CLOCK_EnableClock            0xd885   0x12  Code  Lc  fsl_spi.o [5]
CLOCK_EnableClock            0xd075   0x12  Code  Lc  fsl_uart.o [5]
CLOCK_GetCoreSysClkFreq
                             0xdcfd   0x18  Code  Gb  fsl_clock.o [5]
CLOCK_GetFlashClkFreq        0xdcd7   0x26  Code  Gb  fsl_clock.o [5]
CLOCK_GetFllExtRefClkFreq
                             0xdc43   0x4e  Code  Lc  fsl_clock.o [5]
CLOCK_GetFllFreq             0xddf9   0x1a  Code  Gb  fsl_clock.o [5]
CLOCK_GetFllRefClkFreq       0xdc91   0x1e  Code  Lc  fsl_clock.o [5]
CLOCK_GetFreq                0xdd2d   0x66  Code  Gb  fsl_clock.o [5]
CLOCK_GetICSExtClkFreq       0xdc27   0x1c  Code  Lc  fsl_clock.o [5]
CLOCK_GetICSFixedFreqClkFreq
                             0xde31   0x20  Code  Gb  fsl_clock.o [5]
CLOCK_GetICSOutClkFreq       0xddb5   0x44  Code  Gb  fsl_clock.o [5]
CLOCK_GetInternalRefClkFreq
                             0xde13   0x14  Code  Gb  fsl_clock.o [5]
CLOCK_GetOsc0ErClkFreq       0xdcaf   0x28  Code  Gb  fsl_clock.o [5]
CLOCK_GetTimerClkFreq        0xdd15   0x18  Code  Gb  fsl_clock.o [5]
CLOCK_SetFeiMode             0xde69   0x50  Code  Gb  fsl_clock.o [5]
CLOCK_SetInternalRefClkConfig
                             0xe5db    0xe  Code  Lc  clock_config.o [1]
CLOCK_SetOutDiv              0xdc01   0x26  Code  Lc  fsl_clock.o [5]
CLOCK_SetSimConfig           0xdd93   0x22  Code  Gb  fsl_clock.o [5]
CLOCK_SetSimSafeDivs         0xe5d1    0xa  Code  Lc  clock_config.o [1]
CSTACK$$Base            0x2000'2c00          --   Gb  - Linker created -
CSTACK$$Limit           0x2000'3000          --   Gb  - Linker created -
DbgConsole_ConvertRadixNumToString
                             0xcaff   0x78  Code  Lc  fsl_debug_console.o [8]
DbgConsole_Init              0xca21   0x52  Code  Gb  fsl_debug_console.o [8]
DbgConsole_Printf            0xca73   0x1c  Code  Gb  fsl_debug_console.o [8]
DbgConsole_PrintfFormattedData
                             0xcb77  0x2f4  Code  Lc  fsl_debug_console.o [8]
DbgConsole_PrintfPaddingCharacter
                             0xcadd   0x22  Code  Lc  fsl_debug_console.o [8]
DbgConsole_Putchar           0xcab1   0x1c  Code  Gb  fsl_debug_console.o [8]
DbgConsole_Vprintf           0xca8f   0x22  Code  Gb  fsl_debug_console.o [8]
FLASH_Erase                  0xc4df   0xbc  Code  Gb  fsl_flash.o [5]
FLASH_Init                   0xc411   0xa4  Code  Gb  fsl_flash.o [5]
FLASH_PrepareExecuteInRamFunctions
                             0xc4b5   0x2a  Code  Gb  fsl_flash.o [5]
FLASH_Program                0xc59b   0xe2  Code  Gb  fsl_flash.o [5]
FLASH_SetProperty            0xc695   0x46  Code  Gb  fsl_flash.o [5]
FTM2_IRQHandler              0xed05    0xe  Code  Gb  vac_timer.o [6]
FTM_ClearStatusFlags         0xea61   0x30  Code  Gb  fsl_ftm.o [5]
GPIO_PinInit                 0xd765   0xc0  Code  Gb  fsl_gpio.o [5]
GPIO_PinWrite                0xd825   0x54  Code  Gb  fsl_gpio.o [5]
HAL_UartGetStatus            0xce6d   0x10  Code  Lc  fsl_adapter_uart.o [3]
HAL_UartInit                 0xce7d   0xe2  Code  Gb  fsl_adapter_uart.o [3]
HAL_UartReceiveBlocking
                             0xcf5f   0x64  Code  Gb  fsl_adapter_uart.o [3]
HAL_UartSendBlocking         0xcfc3   0x60  Code  Gb  fsl_adapter_uart.o [3]
InStream_Read                0xe6e1   0x20  Code  Lc  lz77_init.o [10]
InStream_StepRegion          0xe6cd   0x14  Code  Lc  lz77_init.o [10]
OutStream_Write              0xe701   0x46  Code  Lc  lz77_init.o [10]
PORT_SetPinSelect            0xe659   0x62  Code  Gb  fsl_port.o [5]
RW$$Base                0x1fff'f000          --   Gb  - Linker created -
RW$$Limit               0x1fff'f40a          --   Gb  - Linker created -
Region$$Table$$Base          0xec08          --   Gb  - Linker created -
Region$$Table$$Limit         0xec34          --   Gb  - Linker created -
Reset_Handler                0xeb95         Code  Wk  startup_MKE06Z4.o [7]
SPI0_DriverIRQHandler        0xdb91   0x22  Code  Gb  fsl_spi.o [5]
SPI1_DriverIRQHandler        0xdbb5   0x22  Code  Gb  fsl_spi.o [5]
SPI_CommonIRQHandler         0xdb61   0x30  Code  Lc  fsl_spi.o [5]
SPI_GetInstance              0xd897   0x30  Code  Gb  fsl_spi.o [5]
SPI_MasterGetDefaultConfig
                             0xd937   0x36  Code  Gb  fsl_spi.o [5]
SPI_MasterInit               0xd96d   0xba  Code  Gb  fsl_spi.o [5]
SPI_MasterSetBaudRate        0xda41   0x7e  Code  Gb  fsl_spi.o [5]
SPI_MasterTransferBlocking
                             0xdac9   0x86  Code  Gb  fsl_spi.o [5]
SPI_ReadData                 0xdabf    0xa  Code  Gb  fsl_spi.o [5]
SPI_ReadNonBlocking          0xd90b   0x2c  Code  Lc  fsl_spi.o [5]
SPI_SetDummyData             0xd8c7   0x12  Code  Gb  fsl_spi.o [5]
SPI_WriteNonBlocking         0xd8d9   0x32  Code  Lc  fsl_spi.o [5]
SysTick_Handler              0xe23d    0x6  Code  Gb  main.o [6]
SystemCoreClock         0x1fff'f404    0x4  Data  Gb  system_MKE06Z4.o [4]
SystemInit                   0xe925   0x2c  Code  Gb  system_MKE06Z4.o [4]
UART0_DriverIRQHandler       0xd379   0x10  Code  Gb  fsl_uart.o [5]
UART1_DriverIRQHandler       0xd38b   0x10  Code  Gb  fsl_uart.o [5]
UART2_IRQHandler             0xe9ed   0x2a  Code  Gb  vac_uart.o [6]
UART_ClearStatusFlags        0xd249   0x32  Code  Gb  fsl_uart.o [5]
UART_GetDefaultConfig        0xd1e7   0x44  Code  Gb  fsl_uart.o [5]
UART_GetInstance             0xd087   0x32  Code  Gb  fsl_uart.o [5]
UART_GetStatusFlags          0xd23d    0xc  Code  Gb  fsl_uart.o [5]
UART_Init                    0xd0b9  0x12e  Code  Gb  fsl_uart.o [5]
UART_ReadBlocking            0xd2b1   0xaa  Code  Gb  fsl_uart.o [5]
UART_ReadByte                0xe9e9    0x4  Code  Lc  vac_uart.o [6]
UART_WriteBlocking           0xd285   0x24  Code  Gb  fsl_uart.o [5]
ZI$$Base                0x1fff'f40c          --   Gb  - Linker created -
ZI$$Limit               0x1fff'fb80          --   Gb  - Linker created -
__NVIC_SystemReset           0xe229   0x14  Code  Lc  main.o [6]
__Vectors                    0xc000          --   Gb  startup_MKE06Z4.o [7]
__Vectors_End                0xc0c0         Data  Gb  startup_MKE06Z4.o [7]
__Vectors_Size {Abs}           0xc0          --   Gb  startup_MKE06Z4.o [7]
__aeabi_assert               0xd059   0x1c  Code  Gb  fsl_assert.o [8]
__aeabi_idiv                 0xc911         Code  Gb  I32DivModFast.o [10]
__aeabi_idiv0                0xca1d         Code  Gb  IntDivZer.o [10]
__aeabi_idivmod              0xc911         Code  Gb  I32DivModFast.o [10]
__aeabi_memclr4              0xc9e9         Code  Gb  ABImemset.o [10]
__aeabi_memclr8              0xc9e9         Code  Gb  ABImemset.o [10]
__aeabi_memcpy               0xc0f5         Code  Gb  ABImemcpy.o [10]
__aeabi_memcpy4              0xc0c1         Code  Gb  ABImemcpy.o [10]
__aeabi_memcpy8              0xc0c1         Code  Gb  ABImemcpy.o [10]
__aeabi_memset               0xc9c9         Code  Gb  ABImemset.o [10]
__aeabi_uidiv                0xc917         Code  Gb  I32DivModFast.o [10]
__aeabi_uidivmod             0xc917         Code  Gb  I32DivModFast.o [10]
__cmain                      0xec35         Code  Gb  cmain.o [10]
__exit                       0xe8c9   0x14  Code  Gb  exit.o [11]
__iar_Memcpy                 0xc101         Code  Gb  ABImemcpy.o [10]
__iar_Memset4_word           0xc9ed         Code  Gb  ABImemset.o [10]
__iar_Memset_word            0xc9d5         Code  Gb  ABImemset.o [10]
__iar_data_init3             0xebbd   0x28  Code  Gb  data_init.o [10]
__iar_lz77_init3             0xe747  0x176  Code  Gb  lz77_init.o [10]
__iar_program_start          0xecc1         Code  Gb  cstartup_M.o [10]
__iar_zero_init3             0xea25   0x3c  Code  Gb  zero_init3.o [10]
__low_level_init             0xec53    0x4  Code  Gb  low_level_init.o [9]
__vector_table               0xc000         Data  Gb  startup_MKE06Z4.o [7]
__vector_table_0x1c          0xc01c         Data  Gb  startup_MKE06Z4.o [7]
_call_main                   0xec41         Code  Gb  cmain.o [10]
_exit                        0xec61         Code  Gb  cexit.o [10]
abort                        0xe8bd    0xa  Code  Gb  abort.o [9]
buf_test                0x1fff'fb0c   0x64  Data  Gb  vac_uart.o [6]
buff_cnt                0x1fff'fb7e    0x1  Data  Gb  vac_uart.o [6]
callFlashCommonBitOperation
                        0x1fff'f42c    0x4  Data  Lc  fsl_flash.o [5]
callFlashRunCommand     0x1fff'f428    0x4  Data  Lc  fsl_flash.o [5]
copy_flash_common_bit_operation
                             0xc79b   0x1e  Code  Lc  fsl_flash.o [5]
copy_flash_run_command       0xc6db   0x1a  Code  Lc  fsl_flash.o [5]
crc                     0x1fff'f40c    0x4  Data  Lc  crc32_cal.o [6]
crc32cal_Init                0xe649    0xa  Code  Gb  crc32_cal.o [6]
error_trap                   0xe47b    0x4  Code  Lc  main.o [6]
exit                         0xec57    0x8  Code  Gb  exit.o [9]
flash_cache_clear            0xc7d3    0xe  Code  Gb  fsl_flash.o [5]
flash_cache_clear_process
                             0xc7e1   0x22  Code  Lc  fsl_flash.o [5]
flash_check_execute_in_ram_function_info
                             0xc803   0x22  Code  Lc  fsl_flash.o [5]
flash_check_range            0xc825   0x3a  Code  Lc  fsl_flash.o [5]
flash_check_user_key         0xc8ab   0x12  Code  Lc  fsl_flash.o [5]
flash_chip_select_spi1       0xd3eb   0x38  Code  Lc  vac_flash_spi.o [6]
flash_command_sequence       0xc711   0x54  Code  Lc  fsl_flash.o [5]
flash_common_bit_operation_command_sequence
                             0xc765   0x36  Code  Lc  fsl_flash.o [5]
flash_erase_sector           0xd4ab   0x4e  Code  Gb  vac_flash_spi.o [6]
flash_get_matched_operation_info
                             0xc85f   0x4c  Code  Lc  fsl_flash.o [5]
flash_read_buffer            0xd6ff   0x64  Code  Gb  vac_flash_spi.o [6]
flash_set_command            0xc6f5   0x1c  Code  Gb  fsl_flash.o [5]
flash_wait_for_write_end
                             0xd473   0x38  Code  Lc  vac_flash_spi.o [6]
flash_write_buffer           0xd569  0x196  Code  Gb  vac_flash_spi.o [6]
flash_write_byte             0xd423   0x30  Code  Lc  vac_flash_spi.o [6]
flash_write_enable           0xd453   0x20  Code  Lc  vac_flash_spi.o [6]
flash_write_page             0xd4f9   0x70  Code  Gb  vac_flash_spi.o [6]
g_buffer_flashEX        0x1fff'f908  0x200  Data  Gb  main.o [6]
g_spiDummyData          0x1fff'fb7c    0x2  Data  Gb  fsl_spi.o [5]
g_systickCounter        0x1fff'fb08    0x4  Data  Gb  main.o [6]
g_xtal0Freq             0x1fff'f410    0x4  Data  Gb  fsl_clock.o [5]
hardwawre_init               0xe2b1   0x10  Code  Lc  main.o [6]
i2c_delay_us                 0xdfa9   0x1a  Code  Lc  vac_i2c_soft.o [6]
i2c_init                     0xdfc3   0x3c  Code  Gb  vac_i2c_soft.o [6]
i2c_scl_pin_off              0xdf93   0x16  Code  Lc  vac_i2c_soft.o [6]
i2c_scl_pin_on               0xdf7d   0x16  Code  Lc  vac_i2c_soft.o [6]
i2c_scl_pin_output           0xdf27   0x1e  Code  Lc  vac_i2c_soft.o [6]
i2c_sda_pin                  0xdedd   0x4a  Code  Lc  vac_i2c_soft.o [6]
i2c_sda_pin_off              0xdf67   0x16  Code  Lc  vac_i2c_soft.o [6]
i2c_sda_pin_on               0xdf51   0x16  Code  Lc  vac_i2c_soft.o [6]
i2c_start                    0xdfff   0x5e  Code  Gb  vac_i2c_soft.o [6]
i2c_stop                     0xe05d   0x4e  Code  Gb  vac_i2c_soft.o [6]
i2c_write                    0xe0ab   0x90  Code  Gb  vac_i2c_soft.o [6]
icsConfig_BOARD_BootClockRUN
                             0xee0c    0x4  Data  Gb  clock_config.o [1]
init_flash                   0xd3ad   0x3e  Code  Gb  vac_flash_spi.o [6]
init_rtc                     0xe1f7   0x32  Code  Gb  vac_i2c_soft.o [6]
main                         0xe243   0x6e  Code  Gb  main.o [6]
mcm_flash_cache_clear        0xc7b9   0x1a  Code  Gb  fsl_flash.o [5]
rtc_enable_charge            0xe1b3   0x44  Code  Lc  vac_i2c_soft.o [6]
s_UartAdapterBase            0xed18    0xc  Data  Lc  fsl_adapter_uart.o [3]
s_buffer                0x1fff'f508  0x200  Data  Lc  main.o [6]
s_buffer_rbc            0x1fff'f708  0x200  Data  Lc  main.o [6]
s_debugConsole          0x1fff'f414   0x14  Data  Lc  fsl_debug_console.o [8]
s_flashCommonBitOperation
                        0x1fff'f470   0x40  Data  Lc  fsl_flash.o [5]
s_flashCommonBitOperationFunctionCode
                             0xec6c   0x1c  Data  Lc  fsl_flash.o [5]
s_flashDriver           0x1fff'f4d0   0x38  Data  Lc  main.o [6]
s_flashRunCommand       0x1fff'f430   0x40  Data  Lc  fsl_flash.o [5]
s_flashRunCommandFunctionCode
                             0xed30    0xc  Data  Lc  fsl_flash.o [5]
s_gpioBases                  0xed3c    0xc  Data  Lc  fsl_gpio.o [5]
s_slowIrcFreq           0x1fff'f000    0x4  Data  Lc  fsl_clock.o [5]
s_spiBases                   0xedac    0x8  Data  Lc  fsl_spi.o [5]
s_spiClock                   0xedb4    0x8  Data  Lc  fsl_spi.o [5]
s_spiHandle             0x1fff'f4b0    0x8  Data  Lc  fsl_spi.o [5]
s_spiMasterIsr          0x1fff'f4b8    0x4  Data  Lc  fsl_spi.o [5]
s_spiSlaveIsr           0x1fff'f4bc    0x4  Data  Lc  fsl_spi.o [5]
s_uartBases                  0xed6c    0xc  Data  Lc  fsl_uart.o [5]
s_uartClock                  0xed78    0xc  Data  Lc  fsl_uart.o [5]
s_uartHandle            0x1fff'f4c0    0xc  Data  Gb  fsl_uart.o [5]
s_uartIsr               0x1fff'f4cc    0x4  Data  Gb  fsl_uart.o [5]
sample_file             0x1fff'f004  0x400  Data  Gb  main.o [6]
simConfig_BOARD_BootClockRUN
                             0xee10    0x4  Data  Gb  clock_config.o [1]
software_init                0xe2c1   0x1a  Code  Lc  main.o [6]
strlen                       0xd049         Code  Gb  strlen.o [10]
sys_boot                     0xe2db  0x146  Code  Lc  main.o [6]
sys_jumpApp                  0xe471    0xa  Code  Lc  main.o [6]
system_var              0x1fff'fb70    0xc  Data  Gb  vac_variables.o [6]
val_tran_0              0x1fff'f409    0x1  Data  Gb  main.o [6]
val_tran_1              0x1fff'f408    0x1  Data  Gb  main.o [6]
write_rtc                    0xe13b   0x78  Code  Gb  vac_i2c_soft.o [6]


[1] = F:\10. VAC\1. VAC_BOOT\debug\obj\board
[2] = F:\10. VAC\1. VAC_BOOT\debug\obj\component\lists
[3] = F:\10. VAC\1. VAC_BOOT\debug\obj\component\uart
[4] = F:\10. VAC\1. VAC_BOOT\debug\obj\device
[5] = F:\10. VAC\1. VAC_BOOT\debug\obj\drivers
[6] = F:\10. VAC\1. VAC_BOOT\debug\obj\source
[7] = F:\10. VAC\1. VAC_BOOT\debug\obj\startup
[8] = F:\10. VAC\1. VAC_BOOT\debug\obj\utilities
[9] = dl6M_tln.a
[10] = rt6M_tl.a
[11] = shb_l.a

  10'198 bytes of readonly  code memory
   1'010 bytes of readonly  data memory
   3'965 bytes of readwrite data memory

Errors: none
Warnings: none
